Component: ARM Compiler 5.06 update 1 (build 61) Tool: armlink [4d35a8]

==============================================================================

Section Cross References

    motor.o(i.CalculateSModelLine) refers to fadd.o(.text) for __aeabi_fsub
    motor.o(i.CalculateSModelLine) refers to fscalb.o(.text) for __ARM_scalbnf
    motor.o(i.CalculateSModelLine) refers to fmul.o(.text) for __aeabi_fmul
    motor.o(i.CalculateSModelLine) refers to fdiv.o(.text) for __aeabi_fdiv
    motor.o(i.CalculateSModelLine) refers to expf.o(i.expf) for expf
    motor.o(i.CalculateSModelLine) refers to ffixui.o(.text) for __aeabi_f2uiz
    motor.o(i.CalculateSModelLine) refers to fflti.o(.text) for __aeabi_i2f
    motor.o(i.CalculateSModelLine) refers to cfcmple.o(.text) for __aeabi_cfcmple
    motor.o(i.CalculateSModelLine) refers to robot.o(.data) for all_step_1
    motor.o(i.CalculateSModelLine) refers to motor.o(.data) for .data
    motor.o(i.CalculateSModelLine) refers to main.o(.bss) for fre
    motor.o(i.HAL_TIM_OC_DelayElapsedCallback) refers to stm32f1xx_hal_tim.o(i.TIM_CCxChannelCmd) for TIM_CCxChannelCmd
    motor.o(i.HAL_TIM_OC_DelayElapsedCallback) refers to stm32f1xx_hal_tim.o(i.HAL_TIM_OC_Stop_IT) for HAL_TIM_OC_Stop_IT
    motor.o(i.HAL_TIM_OC_DelayElapsedCallback) refers to stm32f1xx_hal_tim.o(i.HAL_TIM_Base_Stop) for HAL_TIM_Base_Stop
    motor.o(i.HAL_TIM_OC_DelayElapsedCallback) refers to motor.o(.bss) for .bss
    motor.o(i.HAL_TIM_OC_DelayElapsedCallback) refers to motor.o(.data) for .data
    motor.o(i.HAL_TIM_OC_DelayElapsedCallback) refers to tim.o(.bss) for htim8
    motor.o(i.HAL_TIM_OC_DelayElapsedCallback) refers to main.o(.bss) for period
    motor.o(i.steering_gear) refers to stm32f1xx_hal_tim.o(i.HAL_TIM_PWM_Start) for HAL_TIM_PWM_Start
    robot.o(i.actan) refers to fdiv.o(.text) for __aeabi_fdiv
    robot.o(i.actan) refers to f2d.o(.text) for __aeabi_f2d
    robot.o(i.actan) refers to atan.o(i.atan) for atan
    robot.o(i.actan) refers to dadd.o(.text) for __aeabi_dadd
    robot.o(i.actan) refers to d2f.o(.text) for __aeabi_d2f
    robot.o(i.motor_reset) refers to robot.o(i.motor_result) for motor_result
    robot.o(i.motor_result) refers to robot.o(i.robot_arm) for robot_arm
    robot.o(i.motor_result) refers to cfrcmple.o(.text) for __aeabi_cfrcmple
    robot.o(i.motor_result) refers to fadd.o(.text) for __aeabi_fsub
    robot.o(i.motor_result) refers to f2d.o(.text) for __aeabi_f2d
    robot.o(i.motor_result) refers to dmul.o(.text) for __aeabi_dmul
    robot.o(i.motor_result) refers to ddiv.o(.text) for __aeabi_ddiv
    robot.o(i.motor_result) refers to dfixi.o(.text) for __aeabi_d2iz
    robot.o(i.motor_result) refers to cfcmple.o(.text) for __aeabi_cfcmple
    robot.o(i.motor_result) refers to stm32f1xx_hal_gpio.o(i.HAL_GPIO_WritePin) for HAL_GPIO_WritePin
    robot.o(i.motor_result) refers to dadd.o(.text) for __aeabi_drsub
    robot.o(i.motor_result) refers to cdrcmple.o(.text) for __aeabi_cdrcmple
    robot.o(i.motor_result) refers to d2f.o(.text) for __aeabi_d2f
    robot.o(i.motor_result) refers to cdcmple.o(.text) for __aeabi_cdcmple
    robot.o(i.motor_result) refers to robot.o(.data) for .data
    robot.o(i.robot_arm) refers to fmul.o(.text) for __aeabi_fmul
    robot.o(i.robot_arm) refers to fadd.o(.text) for __aeabi_fadd
    robot.o(i.robot_arm) refers to f2d.o(.text) for __aeabi_f2d
    robot.o(i.robot_arm) refers to sqrt.o(i.sqrt) for sqrt
    robot.o(i.robot_arm) refers to d2f.o(.text) for __aeabi_d2f
    robot.o(i.robot_arm) refers to fscalb.o(.text) for __ARM_scalbnf
    robot.o(i.robot_arm) refers to fdiv.o(.text) for __aeabi_fdiv
    robot.o(i.robot_arm) refers to robot.o(i.actan) for actan
    robot.o(i.robot_arm) refers to robot.o(.data) for .data
    main.o(i.HAL_UART_RxCpltCallback) refers to printf1.o(i.__0printf$1) for __2printf
    main.o(i.HAL_UART_RxCpltCallback) refers to stm32f1xx_hal_uart.o(i.HAL_UART_Receive_IT) for HAL_UART_Receive_IT
    main.o(i.HAL_UART_RxCpltCallback) refers to main.o(.data) for .data
    main.o(i.HAL_UART_RxCpltCallback) refers to usart.o(.bss) for huart1
    main.o(i.SystemClock_Config) refers to memseta.o(.text) for __aeabi_memclr4
    main.o(i.SystemClock_Config) refers to stm32f1xx_hal_rcc.o(i.HAL_RCC_OscConfig) for HAL_RCC_OscConfig
    main.o(i.SystemClock_Config) refers to stm32f1xx_hal_rcc.o(i.HAL_RCC_ClockConfig) for HAL_RCC_ClockConfig
    main.o(i.main) refers to stm32f1xx_hal.o(i.HAL_Init) for HAL_Init
    main.o(i.main) refers to main.o(i.SystemClock_Config) for SystemClock_Config
    main.o(i.main) refers to gpio.o(i.MX_GPIO_Init) for MX_GPIO_Init
    main.o(i.main) refers to tim.o(i.MX_TIM4_Init) for MX_TIM4_Init
    main.o(i.main) refers to tim.o(i.MX_TIM5_Init) for MX_TIM5_Init
    main.o(i.main) refers to tim.o(i.MX_TIM8_Init) for MX_TIM8_Init
    main.o(i.main) refers to tim.o(i.MX_TIM3_Init) for MX_TIM3_Init
    main.o(i.main) refers to usart.o(i.MX_USART1_UART_Init) for MX_USART1_UART_Init
[...]
    Removing stm32f1xx_hal_exti.o(i.HAL_EXTI_GetPending), (24 bytes).
    Removing stm32f1xx_hal_exti.o(i.HAL_EXTI_IRQHandler), (36 bytes).
    Removing stm32f1xx_hal_exti.o(i.HAL_EXTI_RegisterCallback), (14 bytes).
    Removing stm32f1xx_hal_exti.o(i.HAL_EXTI_SetConfigLine), (164 bytes).
    Removing stm32f1xx_hal_uart.o(.rev16_text), (4 bytes).
    Removing stm32f1xx_hal_uart.o(.revsh_text), (4 bytes).
    Removing stm32f1xx_hal_uart.o(.rrx_text), (6 bytes).
    Removing stm32f1xx_hal_uart.o(i.HAL_HalfDuplex_EnableReceiver), (50 bytes).
    Removing stm32f1xx_hal_uart.o(i.HAL_HalfDuplex_EnableTransmitter), (50 bytes).
    Removing stm32f1xx_hal_uart.o(i.HAL_HalfDuplex_Init), (108 bytes).
    Removing stm32f1xx_hal_uart.o(i.HAL_LIN_Init), (128 bytes).
    Removing stm32f1xx_hal_uart.o(i.HAL_LIN_SendBreak), (46 bytes).
    Removing stm32f1xx_hal_uart.o(i.HAL_MultiProcessor_EnterMuteMode), (46 bytes).
    Removing stm32f1xx_hal_uart.o(i.HAL_MultiProcessor_ExitMuteMode), (46 bytes).
    Removing stm32f1xx_hal_uart.o(i.HAL_MultiProcessor_Init), (142 bytes).
    Removing stm32f1xx_hal_uart.o(i.HAL_UART_Abort), (138 bytes).
    Removing stm32f1xx_hal_uart.o(i.HAL_UART_AbortCpltCallback), (2 bytes).
    Removing stm32f1xx_hal_uart.o(i.HAL_UART_AbortReceive), (88 bytes).
    Removing stm32f1xx_hal_uart.o(i.HAL_UART_AbortReceiveCpltCallback), (2 bytes).
    Removing stm32f1xx_hal_uart.o(i.HAL_UART_AbortReceive_IT), (92 bytes).
    Removing stm32f1xx_hal_uart.o(i.HAL_UART_AbortTransmit), (78 bytes).
    Removing stm32f1xx_hal_uart.o(i.HAL_UART_AbortTransmitCpltCallback), (2 bytes).
    Removing stm32f1xx_hal_uart.o(i.HAL_UART_AbortTransmit_IT), (84 bytes).
    Removing stm32f1xx_hal_uart.o(i.HAL_UART_Abort_IT), (172 bytes).
    Removing stm32f1xx_hal_uart.o(i.HAL_UART_DMAPause), (102 bytes).
    Removing stm32f1xx_hal_uart.o(i.HAL_UART_DMAResume), (94 bytes).
    Removing stm32f1xx_hal_uart.o(i.HAL_UART_DMAStop), (88 bytes).
    Removing stm32f1xx_hal_uart.o(i.HAL_UART_DeInit), (50 bytes).
    Removing stm32f1xx_hal_uart.o(i.HAL_UART_GetError), (4 bytes).
    Removing stm32f1xx_hal_uart.o(i.HAL_UART_GetState), (10 bytes).
    Removing stm32f1xx_hal_uart.o(i.HAL_UART_MspDeInit), (2 bytes).
    Removing stm32f1xx_hal_uart.o(i.HAL_UART_MspInit), (2 bytes).
    Removing stm32f1xx_hal_uart.o(i.HAL_UART_Receive), (188 bytes).
    Removing stm32f1xx_hal_uart.o(i.HAL_UART_Receive_DMA), (152 bytes).
    Removing stm32f1xx_hal_uart.o(i.HAL_UART_RxCpltCallback), (2 bytes).
    Removing stm32f1xx_hal_uart.o(i.HAL_UART_RxHalfCpltCallback), (2 bytes).
    Removing stm32f1xx_hal_uart.o(i.HAL_UART_Transmit_DMA), (128 bytes).
    Removing stm32f1xx_hal_uart.o(i.HAL_UART_Transmit_IT), (62 bytes).
    Removing stm32f1xx_hal_uart.o(i.HAL_UART_TxHalfCpltCallback), (2 bytes).
    Removing stm32f1xx_hal_uart.o(i.UART_DMAError), (74 bytes).
    Removing stm32f1xx_hal_uart.o(i.UART_DMAReceiveCplt), (60 bytes).
    Removing stm32f1xx_hal_uart.o(i.UART_DMARxAbortCallback), (42 bytes).
    Removing stm32f1xx_hal_uart.o(i.UART_DMARxHalfCplt), (10 bytes).
    Removing stm32f1xx_hal_uart.o(i.UART_DMARxOnlyAbortCallback), (20 bytes).
    Removing stm32f1xx_hal_uart.o(i.UART_DMATransmitCplt), (46 bytes).
    Removing stm32f1xx_hal_uart.o(i.UART_DMATxAbortCallback), (42 bytes).
    Removing stm32f1xx_hal_uart.o(i.UART_DMATxHalfCplt), (10 bytes).
    Removing stm32f1xx_hal_uart.o(i.UART_DMATxOnlyAbortCallback), (20 bytes).
    Removing stm32f1xx_hal_uart.o(i.UART_EndTxTransfer), (18 bytes).
    Removing startup_stm32f103xe.o(HEAP), (512 bytes).
    Removing system_stm32f1xx.o(.rev16_text), (4 bytes).
    Removing system_stm32f1xx.o(.revsh_text), (4 bytes).
    Removing system_stm32f1xx.o(.rrx_text), (6 bytes).
    Removing system_stm32f1xx.o(i.SystemCoreClockUpdate), (104 bytes).
    Removing dfixul.o(.text), (48 bytes).
    Removing fpstat.o(.text), (4 bytes).

375 unused section(s) (total 24732 bytes) removed from the image.

==============================================================================

Image Symbol Table

    Local Symbols

    Symbol Name                              Value     Ov Type        Size  Object(Section)

    ../Core/Src/gpio.c                       0x00000000   Number         0  gpio.o ABSOLUTE
    ../Core/Src/main.c                       0x00000000   Number         0  main.o ABSOLUTE
    ../Core/Src/stm32f1xx_hal_msp.c          0x00000000   Number         0  stm32f1xx_hal_msp.o ABSOLUTE
    ../Core/Src/stm32f1xx_it.c               0x00000000   Number         0  stm32f1xx_it.o ABSOLUTE
    ../Core/Src/system_stm32f1xx.c           0x00000000   Number         0  system_stm32f1xx.o ABSOLUTE
    ../Core/Src/tim.c                        0x00000000   Number         0  tim.o ABSOLUTE
    ../Core/Src/usart.c                      0x00000000   Number         0  usart.o ABSOLUTE
    ../Drivers/STM32F1xx_HAL_Driver/Src/stm32f1xx_hal.c 0x00000000   Number         0  stm32f1xx_hal.o ABSOLUTE
    ../Drivers/STM32F1xx_HAL_Driver/Src/stm32f1xx_hal_cortex.c 0x00000000   Number         0  stm32f1xx_hal_cortex.o ABSOLUTE
    ../Drivers/STM32F1xx_HAL_Driver/Src/stm32f1xx_hal_dma.c 0x00000000   Number         0  stm32f1xx_hal_dma.o ABSOLUTE
    ../Drivers/STM32F1xx_HAL_Driver/Src/stm32f1xx_hal_exti.c 0x00000000   Number         0  stm32f1xx_hal_exti.o ABSOLUTE
    ../Drivers/STM32F1xx_HAL_Driver/Src/stm32f1xx_hal_flash.c 0x00000000   Number         0  stm32f1xx_hal_flash.o ABSOLUTE
    ../Drivers/STM32F1xx_HAL_Driver/Src/stm32f1xx_hal_flash_ex.c 0x00000000   Number         0  stm32f1xx_hal_flash_ex.o ABSOLUTE
    ../Drivers/STM32F1xx_HAL_Driver/Src/stm32f1xx_hal_gpio.c 0x00000000   Number         0  stm32f1xx_hal_gpio.o ABSOLUTE
    ../Drivers/STM32F1xx_HAL_Driver/Src/stm32f1xx_hal_gpio_ex.c 0x00000000   Number         0  stm32f1xx_hal_gpio_ex.o ABSOLUTE
    ../Drivers/STM32F1xx_HAL_Driver/Src/stm32f1xx_hal_pwr.c 0x00000000   Number         0  stm32f1xx_hal_pwr.o ABSOLUTE
    ../Drivers/STM32F1xx_HAL_Driver/Src/stm32f1xx_hal_rcc.c 0x00000000   Number         0  stm32f1xx_hal_rcc.o ABSOLUTE
    ../Drivers/STM32F1xx_HAL_Driver/Src/stm32f1xx_hal_rcc_ex.c 0x00000000   Number         0  stm32f1xx_hal_rcc_ex.o ABSOLUTE
    ../Drivers/STM32F1xx_HAL_Driver/Src/stm32f1xx_hal_tim.c 0x00000000   Number         0  stm32f1xx_hal_tim.o ABSOLUTE
    ../Drivers/STM32F1xx_HAL_Driver/Src/stm32f1xx_hal_tim_ex.c 0x00000000   Number         0  stm32f1xx_hal_tim_ex.o ABSOLUTE
    ../Drivers/STM32F1xx_HAL_Driver/Src/stm32f1xx_hal_uart.c 0x00000000   Number         0  stm32f1xx_hal_uart.o ABSOLUTE
    ../clib/microlib/division.c              0x00000000   Number         0  uidiv.o ABSOLUTE
    ../clib/microlib/division.c              0x00000000   Number         0  uldiv.o ABSOLUTE
    ../clib/microlib/errno.c                 0x00000000   Number         0  errno.o ABSOLUTE
    ../clib/microlib/init/entry.s            0x00000000   Number         0  entry2.o ABSOLUTE
    ../clib/microlib/init/entry.s            0x00000000   Number         0  entry5.o ABSOLUTE
    ../clib/microlib/init/entry.s            0x00000000   Number         0  entry9b.o ABSOLUTE
    ../clib/microlib/init/entry.s            0x00000000   Number         0  entry10b.o ABSOLUTE
    ../clib/microlib/init/entry.s            0x00000000   Number         0  entry11a.o ABSOLUTE
    ../clib/microlib/init/entry.s            0x00000000   Number         0  entry7a.o ABSOLUTE
    ../clib/microlib/init/entry.s            0x00000000   Number         0  entry9a.o ABSOLUTE
    ../clib/microlib/init/entry.s            0x00000000   Number         0  entry.o ABSOLUTE
    ../clib/microlib/init/entry.s            0x00000000   Number         0  entry11b.o ABSOLUTE
    ../clib/microlib/init/entry.s            0x00000000   Number         0  entry8b.o ABSOLUTE
    ../clib/microlib/init/entry.s            0x00000000   Number         0  entry8a.o ABSOLUTE
    ../clib/microlib/init/entry.s            0x00000000   Number         0  entry7b.o ABSOLUTE
    ../clib/microlib/init/entry.s            0x00000000   Number         0  entry10a.o ABSOLUTE
    ../clib/microlib/longlong.c              0x00000000   Number         0  llsshr.o ABSOLUTE
    ../clib/microlib/longlong.c              0x00000000   Number         0  llshl.o ABSOLUTE
    ../clib/microlib/longlong.c              0x00000000   Number         0  llushr.o ABSOLUTE
    ../clib/microlib/printf/printf.c         0x00000000   Number         0  printf5.o ABSOLUTE
    ../clib/microlib/printf/printf.c         0x00000000   Number         0  printf4.o ABSOLUTE
    ../clib/microlib/printf/printf.c         0x00000000   Number         0  printf3.o ABSOLUTE
    ../clib/microlib/printf/printf.c         0x00000000   Number         0  printf0.o ABSOLUTE
    ../clib/microlib/printf/printf.c         0x00000000   Number         0  printfb.o ABSOLUTE
    ../clib/microlib/printf/printf.c         0x00000000   Number         0  printf2.o ABSOLUTE
    ../clib/microlib/printf/printf.c         0x00000000   Number         0  printf1.o ABSOLUTE
    ../clib/microlib/printf/printf.c         0x00000000   Number         0  printfa.o ABSOLUTE
    ../clib/microlib/printf/printf.c         0x00000000   Number         0  printf8.o ABSOLUTE
    ../clib/microlib/printf/printf.c         0x00000000   Number         0  printf7.o ABSOLUTE
    ../clib/microlib/printf/printf.c         0x00000000   Number         0  printf6.o ABSOLUTE
    ../clib/microlib/printf/stubs.s          0x00000000   Number         0  stubs.o ABSOLUTE
    ../clib/microlib/stdio/streams.c         0x00000000   Number         0  stdout.o ABSOLUTE
    ../clib/microlib/string/memcpy.c         0x00000000   Number         0  memcpyb.o ABSOLUTE
    ../clib/microlib/string/memcpy.c         0x00000000   Number         0  memcpya.o ABSOLUTE
    ../clib/microlib/string/memset.c         0x00000000   Number         0  memseta.o ABSOLUTE
    ../clib/microlib/stubs.s                 0x00000000   Number         0  iusefp.o ABSOLUTE
    ../fplib/microlib/d2f.c                  0x00000000   Number         0  d2f.o ABSOLUTE
    ../fplib/microlib/f2d.c                  0x00000000   Number         0  f2d.o ABSOLUTE
    ../fplib/microlib/fpadd.c                0x00000000   Number         0  fadd.o ABSOLUTE
    ../fplib/microlib/fpadd.c                0x00000000   Number         0  dadd.o ABSOLUTE
    ../fplib/microlib/fpdiv.c                0x00000000   Number         0  fdiv.o ABSOLUTE
    ../fplib/microlib/fpdiv.c                0x00000000   Number         0  ddiv.o ABSOLUTE
    ../fplib/microlib/fpepilogue.c           0x00000000   Number         0  depilogue.o ABSOLUTE
    ../fplib/microlib/fpepilogue.c           0x00000000   Number         0  fepilogue.o ABSOLUTE
    ../fplib/microlib/fpfix.c                0x00000000   Number         0  dfixi.o ABSOLUTE
    ../fplib/microlib/fpfix.c                0x00000000   Number         0  dfixul.o ABSOLUTE
    ../fplib/microlib/fpfix.c                0x00000000   Number         0  ffixui.o ABSOLUTE
    ../fplib/microlib/fpfix.c                0x00000000   Number         0  ffixi.o ABSOLUTE
    ../fplib/microlib/fpflt.c                0x00000000   Number         0  ffltui.o ABSOLUTE
    ../fplib/microlib/fpflt.c                0x00000000   Number         0  fflti.o ABSOLUTE
    ../fplib/microlib/fpmul.c                0x00000000   Number         0  fmul.o ABSOLUTE
    ../fplib/microlib/fpmul.c                0x00000000   Number         0  dmul.o ABSOLUTE
    ../fplib/microlib/fprnd.c                0x00000000   Number         0  frnd.o ABSOLUTE
    ../fplib/microlib/fpscalb.c              0x00000000   Number         0  fscalb.o ABSOLUTE
    ../fplib/microlib/fpscalb.c              0x00000000   Number         0  dscalb.o ABSOLUTE
    ../fplib/microlib/fpsqrt.c               0x00000000   Number         0  dsqrt.o ABSOLUTE
    ../fplib/microlib/fpstat.c               0x00000000   Number         0  fpstat.o ABSOLUTE
    ../mathlib/atan.c                        0x00000000   Number         0  atan.o ABSOLUTE
    ../mathlib/atan.c                        0x00000000   Number         0  atan_x.o ABSOLUTE
    ../mathlib/dunder.c                      0x00000000   Number         0  dunder.o ABSOLUTE
    ../mathlib/expf.c                        0x00000000   Number         0  expf.o ABSOLUTE
    ../mathlib/expf.c                        0x00000000   Number         0  expf_x.o ABSOLUTE
    ../mathlib/fpclassify.c                  0x00000000   Number         0  fpclassify.o ABSOLUTE
    ../mathlib/fpclassifyf.c                 0x00000000   Number         0  fpclassifyf.o ABSOLUTE
    ../mathlib/funder.c                      0x00000000   Number         0  funder.o ABSOLUTE
    ../mathlib/poly.c                        0x00000000   Number         0  poly.o ABSOLUTE
    ../mathlib/sqrt.c                        0x00000000   Number         0  sqrt.o ABSOLUTE
    ../mathlib/sqrt.c                        0x00000000   Number         0  sqrt_x.o ABSOLUTE
    ..\Core\Src\gpio.c                       0x00000000   Number         0  gpio.o ABSOLUTE
    ..\Core\Src\main.c                       0x00000000   Number         0  main.o ABSOLUTE
    ..\Core\Src\motor.c                      0x00000000   Number         0  motor.o ABSOLUTE
    ..\Core\Src\robot.c                      0x00000000   Number         0  robot.o ABSOLUTE
    ..\Core\Src\stm32f1xx_hal_msp.c          0x00000000   Number         0  stm32f1xx_hal_msp.o ABSOLUTE
    ..\Core\Src\stm32f1xx_it.c               0x00000000   Number         0  stm32f1xx_it.o ABSOLUTE
    ..\Core\Src\system_stm32f1xx.c           0x00000000   Number         0  system_stm32f1xx.o ABSOLUTE
    ..\Core\Src\tim.c                        0x00000000   Number         0  tim.o ABSOLUTE
    ..\Core\Src\usart.c                      0x00000000   Number         0  usart.o ABSOLUTE
    ..\Drivers\STM32F1xx_HAL_Driver\Src\stm32f1xx_hal.c 0x00000000   Number         0  stm32f1xx_hal.o ABSOLUTE
    ..\Drivers\STM32F1xx_HAL_Driver\Src\stm32f1xx_hal_cortex.c 0x00000000   Number         0  stm32f1xx_hal_cortex.o ABSOLUTE
    ..\Drivers\STM32F1xx_HAL_Driver\Src\stm32f1xx_hal_dma.c 0x00000000   Number         0  stm32f1xx_hal_dma.o ABSOLUTE
    ..\Drivers\STM32F1xx_HAL_Driver\Src\stm32f1xx_hal_exti.c 0x00000000   Number         0  stm32f1xx_hal_exti.o ABSOLUTE
    ..\Drivers\STM32F1xx_HAL_Driver\Src\stm32f1xx_hal_flash.c 0x00000000   Number         0  stm32f1xx_hal_flash.o ABSOLUTE
    ..\Drivers\STM32F1xx_HAL_Driver\Src\stm32f1xx_hal_flash_ex.c 0x00000000   Number         0  stm32f1xx_hal_flash_ex.o ABSOLUTE
    ..\Drivers\STM32F1xx_HAL_Driver\Src\stm32f1xx_hal_gpio.c 0x00000000   Number         0  stm32f1xx_hal_gpio.o ABSOLUTE
    ..\Drivers\STM32F1xx_HAL_Driver\Src\stm32f1xx_hal_gpio_ex.c 0x00000000   Number         0  stm32f1xx_hal_gpio_ex.o ABSOLUTE
    ..\Drivers\STM32F1xx_HAL_Driver\Src\stm32f1xx_hal_pwr.c 0x00000000   Number         0  stm32f1xx_hal_pwr.o ABSOLUTE
    ..\Drivers\STM32F1xx_HAL_Driver\Src\stm32f1xx_hal_rcc.c 0x00000000   Number         0  stm32f1xx_hal_rcc.o ABSOLUTE
    ..\Drivers\STM32F1xx_HAL_Driver\Src\stm32f1xx_hal_rcc_ex.c 0x00000000   Number         0  stm32f1xx_hal_rcc_ex.o ABSOLUTE
    ..\Drivers\STM32F1xx_HAL_Driver\Src\stm32f1xx_hal_tim.c 0x00000000   Number         0  stm32f1xx_hal_tim.o ABSOLUTE
    ..\Drivers\STM32F1xx_HAL_Driver\Src\stm32f1xx_hal_tim_ex.c 0x00000000   Number         0  stm32f1xx_hal_tim_ex.o ABSOLUTE
    ..\Drivers\STM32F1xx_HAL_Driver\Src\stm32f1xx_hal_uart.c 0x00000000   Number         0  stm32f1xx_hal_uart.o ABSOLUTE
    ..\\Core\\Src\\motor.c                   0x00000000   Number         0  motor.o ABSOLUTE
    ..\\Core\\Src\\robot.c                   0x00000000   Number         0  robot.o ABSOLUTE
    cdcmple.s                                0x00000000   Number         0  cdcmple.o ABSOLUTE
    cdrcmple.s                               0x00000000   Number         0  cdrcmple.o ABSOLUTE
    cfcmple.s                                0x00000000   Number         0  cfcmple.o ABSOLUTE
    cfrcmple.s                               0x00000000   Number         0  cfrcmple.o ABSOLUTE
    dc.s                                     0x00000000   Number         0  dc.o ABSOLUTE
    handlers.s                               0x00000000   Number         0  handlers.o ABSOLUTE
    init.s                                   0x00000000   Number         0  init.o ABSOLUTE
    startup_stm32f103xe.s                    0x00000000   Number         0  startup_stm32f103xe.o ABSOLUTE
    RESET                                    0x08000000   Section      304  startup_stm32f103xe.o(RESET)
    .ARM.Collect$$$$00000000                 0x08000130   Section        0  entry.o(.ARM.Collect$$$$00000000)
    .ARM.Collect$$$$00000001                 0x08000130   Section        4  entry2.o(.ARM.Collect$$$$00000001)
    .ARM.Collect$$$$00000004                 0x08000134   Section        4  entry5.o(.ARM.Collect$$$$00000004)
    .ARM.Collect$$$$00000008                 0x08000138   Section        0  entry7b.o(.ARM.Collect$$$$00000008)
    .ARM.Collect$$$$0000000A                 0x08000138   Section        0  entry8b.o(.ARM.Collect$$$$0000000A)
    .ARM.Collect$$$$0000000B                 0x08000138   Section        8  entry9a.o(.ARM.Collect$$$$0000000B)
    .ARM.Collect$$$$0000000D                 0x08000140   Section        0  entry10a.o(.ARM.Collect$$$$0000000D)
    .ARM.Collect$$$$0000000F                 0x08000140   Section        0  entry11a.o(.ARM.Collect$$$$0000000F)
    .ARM.Collect$$$$00002712                 0x08000140   Section        4  entry2.o(.ARM.Collect$$$$00002712)
    __lit__00000000                          0x08000140   Data           4  entry2.o(.ARM.Collect$$$$00002712)
    .text                                    0x08000144   Section       36  startup_stm32f103xe.o(.text)
    .text                                    0x08000168   Section        0  llushr.o(.text)
    .text                                    0x08000188   Section        0  memcpya.o(.text)
    .text                                    0x080001ac   Section        0  memseta.o(.text)
    .text                                    0x080001d0   Section        0  fadd.o(.text)
    .text                                    0x08000280   Section        0  fmul.o(.text)
    .text                                    0x080002e4   Section        0  fdiv.o(.text)
    .text                                    0x08000360   Section        0  fscalb.o(.text)
    .text                                    0x08000378   Section        0  dadd.o(.text)
    .text                                    0x080004c6   Section        0  dmul.o(.text)
    .text                                    0x080005aa   Section        0  ddiv.o(.text)
    .text                                    0x08000688   Section        0  fflti.o(.text)
    .text                                    0x0800069a   Section        0  ffltui.o(.text)
    .text                                    0x080006a4   Section        0  ffixui.o(.text)
    .text                                    0x080006cc   Section        0  dfixi.o(.text)
    .text                                    0x0800070a   Section        0  f2d.o(.text)
    .text                                    0x08000730   Section       48  cdcmple.o(.text)
    .text                                    0x08000760   Section       48  cdrcmple.o(.text)
    .text                                    0x08000790   Section        0  d2f.o(.text)
    .text                                    0x080007c8   Section       20  cfcmple.o(.text)
    .text                                    0x080007dc   Section       20  cfrcmple.o(.text)
    .text                                    0x080007f0   Section        0  uidiv.o(.text)
    .text                                    0x0800081c   Section        0  llshl.o(.text)
    .text                                    0x0800083a   Section        0  llsshr.o(.text)
    .text                                    0x0800085e   Section        0  iusefp.o(.text)
    .text                                    0x0800085e   Section        0  fepilogue.o(.text)
    .text                                    0x080008cc   Section        0  frnd.o(.text)
    .text                                    0x08000908   Section        0  depilogue.o(.text)
    .text                                    0x080009c2   Section        0  dscalb.o(.text)
    .text                                    0x080009f0   Section        0  dsqrt.o(.text)
    .text                                    0x08000a92   Section        0  ffixi.o(.text)
    .text                                    0x08000ac4   Section       36  init.o(.text)
    i.BusFault_Handler                       0x08000ae8   Section        0  stm32f1xx_it.o(i.BusFault_Handler)
    i.CalculateSModelLine                    0x08000aec   Section        0  motor.o(i.CalculateSModelLine)
    i.DebugMon_Handler                       0x08000ba8   Section        0  stm32f1xx_it.o(i.DebugMon_Handler)
    i.Error_Handler                          0x08000baa   Section        0  main.o(i.Error_Handler)
    i.HAL_DMA_Abort_IT                       0x08000bac   Section        0  stm32f1xx_hal_dma.o(i.HAL_DMA_Abort_IT)
    i.HAL_Delay                              0x08000cdc   Section        0  stm32f1xx_hal.o(i.HAL_Delay)
    i.HAL_GPIO_Init                          0x08000d00   Section        0  stm32f1xx_hal_gpio.o(i.HAL_GPIO_Init)
    i.HAL_GPIO_WritePin                      0x08000ef8   Section        0  stm32f1xx_hal_gpio.o(i.HAL_GPIO_WritePin)
    i.HAL_GetTick                            0x08000f04   Section        0  stm32f1xx_hal.o(i.HAL_GetTick)
    i.HAL_IncTick                            0x08000f10   Section        0  stm32f1xx_hal.o(i.HAL_IncTick)
    i.HAL_Init                               0x08000f20   Section        0  stm32f1xx_hal.o(i.HAL_Init)
    i.HAL_InitTick                           0x08000f44   Section        0  stm32f1xx_hal.o(i.HAL_InitTick)
    i.HAL_MspInit                            0x08000f84   Section        0  stm32f1xx_hal_msp.o(i.HAL_MspInit)
    i.HAL_NVIC_EnableIRQ                     0x08000fc0   Section        0  stm32f1xx_hal_cortex.o(i.HAL_NVIC_EnableIRQ)
    i.HAL_NVIC_SetPriority                   0x08000fdc   Section        0  stm32f1xx_hal_cortex.o(i.HAL_NVIC_SetPriority)
    i.HAL_NVIC_SetPriorityGrouping           0x0800101c   Section        0  stm32f1xx_hal_cortex.o(i.HAL_NVIC_SetPriorityGrouping)
    i.HAL_RCC_ClockConfig                    0x08001040   Section        0  stm32f1xx_hal_rcc.o(i.HAL_RCC_ClockConfig)
    i.HAL_RCC_GetPCLK1Freq                   0x0800116c   Section        0  stm32f1xx_hal_rcc.o(i.HAL_RCC_GetPCLK1Freq)
    i.HAL_RCC_GetPCLK2Freq                   0x0800118c   Section        0  stm32f1xx_hal_rcc.o(i.HAL_RCC_GetPCLK2Freq)
    i.HAL_RCC_GetSysClockFreq                0x080011ac   Section        0  stm32f1xx_hal_rcc.o(i.HAL_RCC_GetSysClockFreq)
    i.HAL_RCC_OscConfig                      0x08001218   Section        0  stm32f1xx_hal_rcc.o(i.HAL_RCC_OscConfig)
    i.HAL_SYSTICK_Config                     0x08001538   Section        0  stm32f1xx_hal_cortex.o(i.HAL_SYSTICK_Config)
    i.HAL_TIMEx_BreakCallback                0x08001560   Section        0  stm32f1xx_hal_tim_ex.o(i.HAL_TIMEx_BreakCallback)
    i.HAL_TIMEx_CommutCallback               0x08001562   Section        0  stm32f1xx_hal_tim_ex.o(i.HAL_TIMEx_CommutCallback)
    i.HAL_TIMEx_ConfigBreakDeadTime          0x08001564   Section        0  stm32f1xx_hal_tim_ex.o(i.HAL_TIMEx_ConfigBreakDeadTime)
    i.HAL_TIMEx_MasterConfigSynchronization  0x080015b8   Section        0  stm32f1xx_hal_tim_ex.o(i.HAL_TIMEx_MasterConfigSynchronization)
    i.HAL_TIM_Base_Init                      0x08001634   Section        0  stm32f1xx_hal_tim.o(i.HAL_TIM_Base_Init)
    i.HAL_TIM_Base_MspInit                   0x08001690   Section        0  tim.o(i.HAL_TIM_Base_MspInit)
    i.HAL_TIM_Base_Start                     0x08001744   Section        0  stm32f1xx_hal_tim.o(i.HAL_TIM_Base_Start)
    i.HAL_TIM_Base_Stop                      0x080017a8   Section        0  stm32f1xx_hal_tim.o(i.HAL_TIM_Base_Stop)
    i.HAL_TIM_ConfigClockSource              0x080017ce   Section        0  stm32f1xx_hal_tim.o(i.HAL_TIM_ConfigClockSource)
    i.HAL_TIM_IC_CaptureCallback             0x080018a4   Section        0  stm32f1xx_hal_tim.o(i.HAL_TIM_IC_CaptureCallback)
    i.HAL_TIM_IRQHandler                     0x080018a6   Section        0  stm32f1xx_hal_tim.o(i.HAL_TIM_IRQHandler)
    i.HAL_TIM_MspPostInit                    0x08001a0c   Section        0  tim.o(i.HAL_TIM_MspPostInit)
    i.HAL_TIM_OC_ConfigChannel               0x08001ae8   Section        0  stm32f1xx_hal_tim.o(i.HAL_TIM_OC_ConfigChannel)
    i.HAL_TIM_OC_DelayElapsedCallback        0x08001b34   Section        0  motor.o(i.HAL_TIM_OC_DelayElapsedCallback)
    i.HAL_TIM_OC_Init                        0x08001cdc   Section        0  stm32f1xx_hal_tim.o(i.HAL_TIM_OC_Init)
    i.HAL_TIM_OC_MspInit                     0x08001d36   Section        0  stm32f1xx_hal_tim.o(i.HAL_TIM_OC_MspInit)
    i.HAL_TIM_OC_Start_IT                    0x08001d38   Section        0  stm32f1xx_hal_tim.o(i.HAL_TIM_OC_Start_IT)
    i.HAL_TIM_OC_Stop_IT                     0x08001e14   Section        0  stm32f1xx_hal_tim.o(i.HAL_TIM_OC_Stop_IT)
    i.HAL_TIM_PWM_ConfigChannel              0x08001ec4   Section        0  stm32f1xx_hal_tim.o(i.HAL_TIM_PWM_ConfigChannel)
    i.HAL_TIM_PWM_Init                       0x08001f8a   Section        0  stm32f1xx_hal_tim.o(i.HAL_TIM_PWM_Init)
    i.HAL_TIM_PWM_MspInit                    0x08001fe4   Section        0  stm32f1xx_hal_tim.o(i.HAL_TIM_PWM_MspInit)
    i.HAL_TIM_PWM_PulseFinishedCallback      0x08001fe6   Section        0  stm32f1xx_hal_tim.o(i.HAL_TIM_PWM_PulseFinishedCallback)
    i.HAL_TIM_PWM_Start                      0x08001fe8   Section        0  stm32f1xx_hal_tim.o(i.HAL_TIM_PWM_Start)
    i.HAL_TIM_PeriodElapsedCallback          0x0800209c   Section        0  stm32f1xx_hal_tim.o(i.HAL_TIM_PeriodElapsedCallback)
    i.HAL_TIM_TriggerCallback                0x0800209e   Section        0  stm32f1xx_hal_tim.o(i.HAL_TIM_TriggerCallback)
    i.HAL_UART_ErrorCallback                 0x080020a0   Section        0  stm32f1xx_hal_uart.o(i.HAL_UART_ErrorCallback)
    i.HAL_UART_IRQHandler                    0x080020a4   Section        0  stm32f1xx_hal_uart.o(i.HAL_UART_IRQHandler)
    i.HAL_UART_Init                          0x08002200   Section        0  stm32f1xx_hal_uart.o(i.HAL_UART_Init)
    i.HAL_UART_MspInit                       0x08002264   Section        0  usart.o(i.HAL_UART_MspInit)
    i.HAL_UART_Receive_IT                    0x080022e4   Section        0  stm32f1xx_hal_uart.o(i.HAL_UART_Receive_IT)
    i.HAL_UART_RxCpltCallback                0x08002338   Section        0  main.o(i.HAL_UART_RxCpltCallback)
    i.HAL_UART_Transmit                      0x080023f8   Section        0  stm32f1xx_hal_uart.o(i.HAL_UART_Transmit)
    i.HAL_UART_TxCpltCallback                0x080024aa   Section        0  stm32f1xx_hal_uart.o(i.HAL_UART_TxCpltCallback)
    i.HardFault_Handler                      0x080024ac   Section        0  stm32f1xx_it.o(i.HardFault_Handler)
    i.MX_GPIO_Init                           0x080024b0   Section        0  gpio.o(i.MX_GPIO_Init)
    i.MX_TIM3_Init                           0x08002548   Section        0  tim.o(i.MX_TIM3_Init)
    i.MX_TIM4_Init                           0x080025e0   Section        0  tim.o(i.MX_TIM4_Init)
    i.MX_TIM5_Init                           0x0800268c   Section        0  tim.o(i.MX_TIM5_Init)
    i.MX_TIM8_Init                           0x0800273c   Section        0  tim.o(i.MX_TIM8_Init)
    i.MX_USART1_UART_Init                    0x08002818   Section        0  usart.o(i.MX_USART1_UART_Init)
    i.MemManage_Handler                      0x08002850   Section        0  stm32f1xx_it.o(i.MemManage_Handler)
    i.NMI_Handler                            0x08002852   Section        0  stm32f1xx_it.o(i.NMI_Handler)
    i.PendSV_Handler                         0x08002854   Section        0  stm32f1xx_it.o(i.PendSV_Handler)
    i.SVC_Handler                            0x08002856   Section        0  stm32f1xx_it.o(i.SVC_Handler)
    i.SysTick_Handler                        0x08002858   Section        0  stm32f1xx_it.o(i.SysTick_Handler)
    i.SystemClock_Config                     0x0800285c   Section        0  main.o(i.SystemClock_Config)
    i.SystemInit                             0x080028aa   Section        0  system_stm32f1xx.o(i.SystemInit)
    i.TIM3_IRQHandler                        0x080028ac   Section        0  stm32f1xx_it.o(i.TIM3_IRQHandler)
    i.TIM4_IRQHandler                        0x080028b8   Section        0  stm32f1xx_it.o(i.TIM4_IRQHandler)
    i.TIM5_IRQHandler                        0x080028c4   Section        0  stm32f1xx_it.o(i.TIM5_IRQHandler)
    i.TIM8_CC_IRQHandler                     0x080028d0   Section        0  stm32f1xx_it.o(i.TIM8_CC_IRQHandler)
    i.TIM_Base_SetConfig                     0x080028dc   Section        0  stm32f1xx_hal_tim.o(i.TIM_Base_SetConfig)
    i.TIM_CCxChannelCmd                      0x08002968   Section        0  stm32f1xx_hal_tim.o(i.TIM_CCxChannelCmd)
    i.TIM_ETR_SetConfig                      0x08002982   Section        0  stm32f1xx_hal_tim.o(i.TIM_ETR_SetConfig)
    i.TIM_ITRx_SetConfig                     0x08002996   Section        0  stm32f1xx_hal_tim.o(i.TIM_ITRx_SetConfig)
    TIM_ITRx_SetConfig                       0x08002997   Thumb Code    16  stm32f1xx_hal_tim.o(i.TIM_ITRx_SetConfig)
    i.TIM_OC1_SetConfig                      0x080029a8   Section        0  stm32f1xx_hal_tim.o(i.TIM_OC1_SetConfig)
    TIM_OC1_SetConfig                        0x080029a9   Thumb Code    88  stm32f1xx_hal_tim.o(i.TIM_OC1_SetConfig)
    i.TIM_OC2_SetConfig                      0x08002a08   Section        0  stm32f1xx_hal_tim.o(i.TIM_OC2_SetConfig)
    i.TIM_OC3_SetConfig                      0x08002a74   Section        0  stm32f1xx_hal_tim.o(i.TIM_OC3_SetConfig)
    TIM_OC3_SetConfig                        0x08002a75   Thumb Code    96  stm32f1xx_hal_tim.o(i.TIM_OC3_SetConfig)
    i.TIM_OC4_SetConfig                      0x08002adc   Section        0  stm32f1xx_hal_tim.o(i.TIM_OC4_SetConfig)
    TIM_OC4_SetConfig                        0x08002add   Thumb Code    70  stm32f1xx_hal_tim.o(i.TIM_OC4_SetConfig)
    i.TIM_TI1_ConfigInputStage               0x08002b2c   Section        0  stm32f1xx_hal_tim.o(i.TIM_TI1_ConfigInputStage)
    TIM_TI1_ConfigInputStage                 0x08002b2d   Thumb Code    34  stm32f1xx_hal_tim.o(i.TIM_TI1_ConfigInputStage)
    i.TIM_TI2_ConfigInputStage               0x08002b4e   Section        0  stm32f1xx_hal_tim.o(i.TIM_TI2_ConfigInputStage)
    TIM_TI2_ConfigInputStage                 0x08002b4f   Thumb Code    36  stm32f1xx_hal_tim.o(i.TIM_TI2_ConfigInputStage)
    i.UART_DMAAbortOnError                   0x08002b72   Section        0  stm32f1xx_hal_uart.o(i.UART_DMAAbortOnError)
    UART_DMAAbortOnError                     0x08002b73   Thumb Code    16  stm32f1xx_hal_uart.o(i.UART_DMAAbortOnError)
    i.UART_EndRxTransfer                     0x08002b82   Section        0  stm32f1xx_hal_uart.o(i.UART_EndRxTransfer)
    UART_EndRxTransfer                       0x08002b83   Thumb Code    28  stm32f1xx_hal_uart.o(i.UART_EndRxTransfer)
    i.UART_Receive_IT                        0x08002b9e   Section        0  stm32f1xx_hal_uart.o(i.UART_Receive_IT)
    UART_Receive_IT                          0x08002b9f   Thumb Code   140  stm32f1xx_hal_uart.o(i.UART_Receive_IT)
    i.UART_SetConfig                         0x08002c2c   Section        0  stm32f1xx_hal_uart.o(i.UART_SetConfig)
    UART_SetConfig                           0x08002c2d   Thumb Code   178  stm32f1xx_hal_uart.o(i.UART_SetConfig)
    i.UART_WaitOnFlagUntilTimeout            0x08002ce4   Section        0  stm32f1xx_hal_uart.o(i.UART_WaitOnFlagUntilTimeout)
    UART_WaitOnFlagUntilTimeout              0x08002ce5   Thumb Code   100  stm32f1xx_hal_uart.o(i.UART_WaitOnFlagUntilTimeout)
    i.USART1_IRQHandler                      0x08002d48   Section        0  stm32f1xx_it.o(i.USART1_IRQHandler)
    i.UsageFault_Handler                     0x08002d54   Section        0  stm32f1xx_it.o(i.UsageFault_Handler)
    i.__0printf$1                            0x08002d58   Section        0  printf1.o(i.__0printf$1)
    i.__ARM_fpclassify                       0x08002d78   Section        0  fpclassify.o(i.__ARM_fpclassify)
    i.__ARM_fpclassifyf                      0x08002da0   Section        0  fpclassifyf.o(i.__ARM_fpclassifyf)
    i.__NVIC_SetPriority                     0x08002dc6   Section        0  stm32f1xx_hal_cortex.o(i.__NVIC_SetPriority)
    __NVIC_SetPriority                       0x08002dc7   Thumb Code    32  stm32f1xx_hal_cortex.o(i.__NVIC_SetPriority)
    i.__kernel_poly                          0x08002de6   Section        0  poly.o(i.__kernel_poly)
    i.__mathlib_dbl_infnan                   0x08002e90   Section        0  dunder.o(i.__mathlib_dbl_infnan)
    i.__mathlib_dbl_underflow                0x08002e98   Section        0  dunder.o(i.__mathlib_dbl_underflow)
    i.__mathlib_flt_infnan                   0x08002ea8   Section        0  funder.o(i.__mathlib_flt_infnan)
    i.__mathlib_flt_overflow                 0x08002eae   Section        0  funder.o(i.__mathlib_flt_overflow)
    i.__mathlib_flt_underflow                0x08002eb8   Section        0  funder.o(i.__mathlib_flt_underflow)
    i.__scatterload_copy                     0x08002ec2   Section       14  handlers.o(i.__scatterload_copy)
    i.__scatterload_null                     0x08002ed0   Section        2  handlers.o(i.__scatterload_null)
    i.__scatterload_zeroinit                 0x08002ed2   Section       14  handlers.o(i.__scatterload_zeroinit)
    i.__set_errno                            0x08002ee0   Section        0  errno.o(i.__set_errno)
    i._printf_core                           0x08002eec   Section        0  printf1.o(i._printf_core)
    _printf_core                             0x08002eed   Thumb Code   336  printf1.o(i._printf_core)
    i.actan                                  0x08003040   Section        0  robot.o(i.actan)
    i.atan                                   0x080030cc   Section        0  atan.o(i.atan)
    i.expf                                   0x080032ec   Section        0  expf.o(i.expf)
    i.fputc                                  0x0800345c   Section        0  usart.o(i.fputc)
    i.main                                   0x08003478   Section        0  main.o(i.main)
    i.motor_result                           0x080037d8   Section        0  robot.o(i.motor_result)
    i.robot_arm                              0x08003a24   Section        0  robot.o(i.robot_arm)
    i.sqrt                                   0x08003b00   Section        0  sqrt.o(i.sqrt)
    i.steering_gear                          0x08003b4c   Section        0  motor.o(i.steering_gear)
    .constdata                               0x08003b80   Section       16  system_stm32f1xx.o(.constdata)
    .constdata                               0x08003b90   Section        8  system_stm32f1xx.o(.constdata)
    .constdata                               0x08003b98   Section      152  atan.o(.constdata)
    atanhi                                   0x08003b98   Data          32  atan.o(.constdata)
    atanlo                                   0x08003bb8   Data          32  atan.o(.constdata)
    aTodd                                    0x08003bd8   Data          40  atan.o(.constdata)
    aTeven                                   0x08003c00   Data          48  atan.o(.constdata)
    .constdata                               0x08003c30   Section       48  expf.o(.constdata)
    twotokover4top                           0x08003c30   Data          16  expf.o(.constdata)
    twotokover4bot                           0x08003c40   Data          16  expf.o(.constdata)
    twotokover4all                           0x08003c50   Data          16  expf.o(.constdata)
    .data                                    0x20000000   Section       20  motor.o(.data)
    status                                   0x20000000   Data           4  motor.o(.data)
    .data                                    0x20000014   Section       48  robot.o(.data)
    .data                                    0x20000044   Section       12  main.o(.data)
    .data                                    0x20000050   Section       12  stm32f1xx_hal.o(.data)
    .data                                    0x2000005c   Section        4  system_stm32f1xx.o(.data)
    .data                                    0x20000060   Section        4  stdout.o(.data)
    .data                                    0x20000064   Section        4  errno.o(.data)
    _errno                                   0x20000064   Data           4  errno.o(.data)
    .bss                                     0x20000068   Section       32  motor.o(.bss)
    count                                    0x20000068   Data          16  motor.o(.bss)
    num_callback                             0x20000078   Data          16  motor.o(.bss)
    .bss                                     0x20000088   Section      600  main.o(.bss)
    .bss                                     0x200002e0   Section      288  tim.o(.bss)
    .bss                                     0x20000400   Section       64  usart.o(.bss)
    STACK                                    0x20000440   Section     1024  startup_stm32f103xe.o(STACK)

    Global Symbols

    Symbol Name                              Value     Ov Type        Size  Object(Section)

    BuildAttributes$$THM_ISAv4$P$D$K$B$S$PE$A:L22UL41UL21$X:L11$S22US41US21$IEEE1$IW$USESV6$~STKCKD$USESV7$~SHL$OTIME$ROPI$IEEEX$EBA8$MICROLIB$REQ8$PRES8$EABIv2 0x00000000   Number         0  anon$$obj.o ABSOLUTE
    __ARM_use_no_argv                        0x00000000   Number         0  main.o ABSOLUTE
    _printf_a                                0x00000000   Number         0  stubs.o ABSOLUTE
    _printf_c                                0x00000000   Number         0  stubs.o ABSOLUTE
    _printf_charcount                        0x00000000   Number         0  stubs.o ABSOLUTE
    _printf_d                                0x00000000   Number         0  stubs.o ABSOLUTE
    _printf_e                                0x00000000   Number         0  stubs.o ABSOLUTE
    _printf_f                                0x00000000   Number         0  stubs.o ABSOLUTE
    _printf_flags                            0x00000000   Number         0  stubs.o ABSOLUTE
    _printf_fp_dec                           0x00000000   Number         0  stubs.o ABSOLUTE
    _printf_fp_hex                           0x00000000   Number         0  stubs.o ABSOLUTE
    _printf_g                                0x00000000   Number         0  stubs.o ABSOLUTE
    _printf_i                                0x00000000   Number         0  stubs.o ABSOLUTE
    _printf_int_dec                          0x00000000   Number         0  stubs.o ABSOLUTE
    _printf_l                                0x00000000   Number         0  stubs.o ABSOLUTE
    _printf_lc                               0x00000000   Number         0  stubs.o ABSOLUTE
    _printf_ll                               0x00000000   Number         0  stubs.o ABSOLUTE
    _printf_lld                              0x00000000   Number         0  stubs.o ABSOLUTE
    _printf_lli                              0x00000000   Number         0  stubs.o ABSOLUTE
    _printf_llo                              0x00000000   Number         0  stubs.o ABSOLUTE
    _printf_llu                              0x00000000   Number         0  stubs.o ABSOLUTE
    _printf_llx                              0x00000000   Number         0  stubs.o ABSOLUTE
    _printf_longlong_dec                     0x00000000   Number         0  stubs.o ABSOLUTE
    _printf_longlong_hex                     0x00000000   Number         0  stubs.o ABSOLUTE
    _printf_longlong_oct                     0x00000000   Number         0  stubs.o ABSOLUTE
    _printf_ls                               0x00000000   Number         0  stubs.o ABSOLUTE
    _printf_mbtowc                           0x00000000   Number         0  stubs.o ABSOLUTE
    _printf_n                                0x00000000   Number         0  stubs.o ABSOLUTE
    _printf_o                                0x00000000   Number         0  stubs.o ABSOLUTE
    _printf_p                                0x00000000   Number         0  stubs.o ABSOLUTE
    _printf_percent                          0x00000000   Number         0  stubs.o ABSOLUTE
    _printf_pre_padding                      0x00000000   Number         0  stubs.o ABSOLUTE
    _printf_return_value                     0x00000000   Number         0  stubs.o ABSOLUTE
    _printf_s                                0x00000000   Number         0  stubs.o ABSOLUTE
    _printf_sizespec                         0x00000000   Number         0  stubs.o ABSOLUTE
    _printf_str                              0x00000000   Number         0  stubs.o ABSOLUTE
    _printf_truncate_signed                  0x00000000   Number         0  stubs.o ABSOLUTE
    _printf_truncate_unsigned                0x00000000   Number         0  stubs.o ABSOLUTE
    _printf_u                                0x00000000   Number         0  stubs.o ABSOLUTE
    _printf_wc                               0x00000000   Number         0  stubs.o ABSOLUTE
    _printf_wctomb                           0x00000000   Number         0  stubs.o ABSOLUTE
    _printf_widthprec                        0x00000000   Number         0  stubs.o ABSOLUTE
    _printf_x                                0x00000000   Number         0  stubs.o ABSOLUTE
    __cpp_initialize__aeabi_                  - Undefined Weak Reference
    __cxa_finalize                            - Undefined Weak Reference
    __decompress                              - Undefined Weak Reference
    _clock_init                               - Undefined Weak Reference
    _microlib_exit                            - Undefined Weak Reference
    __Vectors_Size                           0x00000130   Number         0  startup_stm32f103xe.o ABSOLUTE
    __Vectors                                0x08000000   Data           4  startup_stm32f103xe.o(RESET)
    __Vectors_End                            0x08000130   Data           0  startup_stm32f103xe.o(RESET)
    __main                                   0x08000131   Thumb Code     0  entry.o(.ARM.Collect$$$$00000000)
    _main_stk                                0x08000131   Thumb Code     0  entry2.o(.ARM.Collect$$$$00000001)
    _main_scatterload                        0x08000135   Thumb Code     0  entry5.o(.ARM.Collect$$$$00000004)
    __main_after_scatterload                 0x08000139   Thumb Code     0  entry5.o(.ARM.Collect$$$$00000004)
    _main_clock                              0x08000139   Thumb Code     0  entry7b.o(.ARM.Collect$$$$00000008)
    _main_cpp_init                           0x08000139   Thumb Code     0  entry8b.o(.ARM.Collect$$$$0000000A)
    _main_init                               0x08000139   Thumb Code     0  entry9a.o(.ARM.Collect$$$$0000000B)
    __rt_final_cpp                           0x08000141   Thumb Code     0  entry10a.o(.ARM.Collect$$$$0000000D)
    __rt_final_exit                          0x08000141   Thumb Code     0  entry11a.o(.ARM.Collect$$$$0000000F)
    Reset_Handler                            0x08000145   Thumb Code     8  startup_stm32f103xe.o(.text)
    ADC1_2_IRQHandler                        0x0800015f   Thumb Code     0  startup_stm32f103xe.o(.text)
    ADC3_IRQHandler                          0x0800015f   Thumb Code     0  startup_stm32f103xe.o(.text)
    CAN1_RX1_IRQHandler                      0x0800015f   Thumb Code     0  startup_stm32f103xe.o(.text)
    CAN1_SCE_IRQHandler                      0x0800015f   Thumb Code     0  startup_stm32f103xe.o(.text)
    DMA1_Channel1_IRQHandler                 0x0800015f   Thumb Code     0  startup_stm32f103xe.o(.text)
    DMA1_Channel2_IRQHandler                 0x0800015f   Thumb Code     0  startup_stm32f103xe.o(.text)
    DMA1_Channel3_IRQHandler                 0x0800015f   Thumb Code     0  startup_stm32f103xe.o(.text)
    DMA1_Channel4_IRQHandler                 0x0800015f   Thumb Code     0  startup_stm32f103xe.o(.text)
    DMA1_Channel5_IRQHandler                 0x0800015f   Thumb Code     0  startup_stm32f103xe.o(.text)
    DMA1_Channel6_IRQHandler                 0x0800015f   Thumb Code     0  startup_stm32f103xe.o(.text)
    DMA1_Channel7_IRQHandler                 0x0800015f   Thumb Code     0  startup_stm32f103xe.o(.text)
    DMA2_Channel1_IRQHandler                 0x0800015f   Thumb Code     0  startup_stm32f103xe.o(.text)
    DMA2_Channel2_IRQHandler                 0x0800015f   Thumb Code     0  startup_stm32f103xe.o(.text)
    DMA2_Channel3_IRQHandler                 0x0800015f   Thumb Code     0  startup_stm32f103xe.o(.text)
    DMA2_Channel4_5_IRQHandler               0x0800015f   Thumb Code     0  startup_stm32f103xe.o(.text)
    EXTI0_IRQHandler                         0x0800015f   Thumb Code     0  startup_stm32f103xe.o(.text)
    EXTI15_10_IRQHandler                     0x0800015f   Thumb Code     0  startup_stm32f103xe.o(.text)
    EXTI1_IRQHandler                         0x0800015f   Thumb Code     0  startup_stm32f103xe.o(.text)
    EXTI2_IRQHandler                         0x0800015f   Thumb Code     0  startup_stm32f103xe.o(.text)
    EXTI3_IRQHandler                         0x0800015f   Thumb Code     0  startup_stm32f103xe.o(.text)
    EXTI4_IRQHandler                         0x0800015f   Thumb Code     0  startup_stm32f103xe.o(.text)
    EXTI9_5_IRQHandler                       0x0800015f   Thumb Code     0  startup_stm32f103xe.o(.text)
    FLASH_IRQHandler                         0x0800015f   Thumb Code     0  startup_stm32f103xe.o(.text)
    FSMC_IRQHandler                          0x0800015f   Thumb Code     0  startup_stm32f103xe.o(.text)
    I2C1_ER_IRQHandler                       0x0800015f   Thumb Code     0  startup_stm32f103xe.o(.text)
    I2C1_EV_IRQHandler                       0x0800015f   Thumb Code     0  startup_stm32f103xe.o(.text)
    I2C2_ER_IRQHandler                       0x0800015f   Thumb Code     0  startup_stm32f103xe.o(.text)
    I2C2_EV_IRQHandler                       0x0800015f   Thumb Code     0  startup_stm32f103xe.o(.text)
    PVD_IRQHandler                           0x0800015f   Thumb Code     0  startup_stm32f103xe.o(.text)
    RCC_IRQHandler                           0x0800015f   Thumb Code     0  startup_stm32f103xe.o(.text)
    RTC_Alarm_IRQHandler                     0x0800015f   Thumb Code     0  startup_stm32f103xe.o(.text)
    RTC_IRQHandler                           0x0800015f   Thumb Code     0  startup_stm32f103xe.o(.text)
    SDIO_IRQHandler                          0x0800015f   Thumb Code     0  startup_stm32f103xe.o(.text)
    SPI1_IRQHandler                          0x0800015f   Thumb Code     0  startup_stm32f103xe.o(.text)
    SPI2_IRQHandler                          0x0800015f   Thumb Code     0  startup_stm32f103xe.o(.text)
    SPI3_IRQHandler                          0x0800015f   Thumb Code     0  startup_stm32f103xe.o(.text)
    TAMPER_IRQHandler                        0x0800015f   Thumb Code     0  startup_stm32f103xe.o(.text)
    TIM1_BRK_IRQHandler                      0x0800015f   Thumb Code     0  startup_stm32f103xe.o(.text)
    TIM1_CC_IRQHandler                       0x0800015f   Thumb Code     0  startup_stm32f103xe.o(.text)
    TIM1_TRG_COM_IRQHandler                  0x0800015f   Thumb Code     0  startup_stm32f103xe.o(.text)
    TIM1_UP_IRQHandler                       0x0800015f   Thumb Code     0  startup_stm32f103xe.o(.text)
    TIM2_IRQHandler                          0x0800015f   Thumb Code     0  startup_stm32f103xe.o(.text)
    TIM6_IRQHandler                          0x0800015f   Thumb Code     0  startup_stm32f103xe.o(.text)
    TIM7_IRQHandler                          0x0800015f   Thumb Code     0  startup_stm32f103xe.o(.text)
    TIM8_BRK_IRQHandler                      0x0800015f   Thumb Code     0  startup_stm32f103xe.o(.text)
    TIM8_TRG_COM_IRQHandler                  0x0800015f   Thumb Code     0  startup_stm32f103xe.o(.text)
    TIM8_UP_IRQHandler                       0x0800015f   Thumb Code     0  startup_stm32f103xe.o(.text)
    UART4_IRQHandler                         0x0800015f   Thumb Code     0  startup_stm32f103xe.o(.text)
    UART5_IRQHandler                         0x0800015f   Thumb Code     0  startup_stm32f103xe.o(.text)
    USART2_IRQHandler                        0x0800015f   Thumb Code     0  startup_stm32f103xe.o(.text)
    USART3_IRQHandler                        0x0800015f   Thumb Code     0  startup_stm32f103xe.o(.text)
    USBWakeUp_IRQHandler                     0x0800015f   Thumb Code     0  startup_stm32f103xe.o(.text)
    USB_HP_CAN1_TX_IRQHandler                0x0800015f   Thumb Code     0  startup_stm32f103xe.o(.text)
    USB_LP_CAN1_RX0_IRQHandler               0x0800015f   Thumb Code     0  startup_stm32f103xe.o(.text)
    WWDG_IRQHandler                          0x0800015f   Thumb Code     0  startup_stm32f103xe.o(.text)
    __aeabi_llsr                             0x08000169   Thumb Code    32  llushr.o(.text)
    _ll_ushift_r                             0x08000169   Thumb Code     0  llushr.o(.text)
    __aeabi_memcpy                           0x08000189   Thumb Code    36  memcpya.o(.text)
    __aeabi_memcpy4                          0x08000189   Thumb Code     0  memcpya.o(.text)
    __aeabi_memcpy8                          0x08000189   Thumb Code     0  memcpya.o(.text)
    __aeabi_memset                           0x080001ad   Thumb Code    14  memseta.o(.text)
    __aeabi_memset4                          0x080001ad   Thumb Code     0  memseta.o(.text)
    __aeabi_memset8                          0x080001ad   Thumb Code     0  memseta.o(.text)
    __aeabi_memclr                           0x080001bb   Thumb Code     4  memseta.o(.text)
    __aeabi_memclr4                          0x080001bb   Thumb Code     0  memseta.o(.text)
    __aeabi_memclr8                          0x080001bb   Thumb Code     0  memseta.o(.text)
    _memset$wrapper                          0x080001bf   Thumb Code    18  memseta.o(.text)
    __aeabi_fadd                             0x080001d1   Thumb Code   164  fadd.o(.text)
    __aeabi_fsub                             0x08000275   Thumb Code     6  fadd.o(.text)
    __aeabi_frsub                            0x0800027b   Thumb Code     6  fadd.o(.text)
    __aeabi_fmul                             0x08000281   Thumb Code   100  fmul.o(.text)
    __aeabi_fdiv                             0x080002e5   Thumb Code   124  fdiv.o(.text)
    __ARM_scalbnf                            0x08000361   Thumb Code    24  fscalb.o(.text)
    scalbnf                                  0x08000361   Thumb Code     0  fscalb.o(.text)
    __aeabi_dadd                             0x08000379   Thumb Code   322  dadd.o(.text)
    __aeabi_dsub                             0x080004bb   Thumb Code     6  dadd.o(.text)
    __aeabi_drsub                            0x080004c1   Thumb Code     6  dadd.o(.text)
    __aeabi_dmul                             0x080004c7   Thumb Code   228  dmul.o(.text)
    __aeabi_ddiv                             0x080005ab   Thumb Code   222  ddiv.o(.text)
    __aeabi_i2f                              0x08000689   Thumb Code    18  fflti.o(.text)
    __aeabi_ui2f                             0x0800069b   Thumb Code    10  ffltui.o(.text)
    __aeabi_f2uiz                            0x080006a5   Thumb Code    40  ffixui.o(.text)
    __aeabi_d2iz                             0x080006cd   Thumb Code    62  dfixi.o(.text)
    __aeabi_f2d                              0x0800070b   Thumb Code    38  f2d.o(.text)
    __aeabi_cdcmpeq                          0x08000731   Thumb Code     0  cdcmple.o(.text)
    __aeabi_cdcmple                          0x08000731   Thumb Code    48  cdcmple.o(.text)
    __aeabi_cdrcmple                         0x08000761   Thumb Code    48  cdrcmple.o(.text)
    __aeabi_d2f                              0x08000791   Thumb Code    56  d2f.o(.text)
    __aeabi_cfcmpeq                          0x080007c9   Thumb Code     0  cfcmple.o(.text)
    __aeabi_cfcmple                          0x080007c9   Thumb Code    20  cfcmple.o(.text)
    __aeabi_cfrcmple                         0x080007dd   Thumb Code    20  cfrcmple.o(.text)
    __aeabi_uidiv                            0x080007f1   Thumb Code     0  uidiv.o(.text)
    __aeabi_uidivmod                         0x080007f1   Thumb Code    44  uidiv.o(.text)
    __aeabi_llsl                             0x0800081d   Thumb Code    30  llshl.o(.text)
    _ll_shift_l                              0x0800081d   Thumb Code     0  llshl.o(.text)
    __aeabi_lasr                             0x0800083b   Thumb Code    36  llsshr.o(.text)
    _ll_sshift_r                             0x0800083b   Thumb Code     0  llsshr.o(.text)
    __I$use$fp                               0x0800085f   Thumb Code     0  iusefp.o(.text)
    _float_round                             0x0800085f   Thumb Code    18  fepilogue.o(.text)
    _float_epilogue                          0x08000871   Thumb Code    92  fepilogue.o(.text)
    _frnd                                    0x080008cd   Thumb Code    60  frnd.o(.text)
    _double_round                            0x08000909   Thumb Code    30  depilogue.o(.text)
    _double_epilogue                         0x08000927   Thumb Code   156  depilogue.o(.text)
    __ARM_scalbn                             0x080009c3   Thumb Code    46  dscalb.o(.text)
    scalbn                                   0x080009c3   Thumb Code     0  dscalb.o(.text)
    _dsqrt                                   0x080009f1   Thumb Code   162  dsqrt.o(.text)
    __aeabi_f2iz                             0x08000a93   Thumb Code    50  ffixi.o(.text)
    __scatterload                            0x08000ac5   Thumb Code    28  init.o(.text)
    __scatterload_rt2                        0x08000ac5   Thumb Code     0  init.o(.text)
    BusFault_Handler                         0x08000ae9   Thumb Code     2  stm32f1xx_it.o(i.BusFault_Handler)
    CalculateSModelLine                      0x08000aed   Thumb Code   166  motor.o(i.CalculateSModelLine)
    DebugMon_Handler                         0x08000ba9   Thumb Code     2  stm32f1xx_it.o(i.DebugMon_Handler)
    Error_Handler                            0x08000bab   Thumb Code     2  main.o(i.Error_Handler)
    HAL_DMA_Abort_IT                         0x08000bad   Thumb Code   296  stm32f1xx_hal_dma.o(i.HAL_DMA_Abort_IT)
    HAL_Delay                                0x08000cdd   Thumb Code    32  stm32f1xx_hal.o(i.HAL_Delay)
    HAL_GPIO_Init                            0x08000d01   Thumb Code   462  stm32f1xx_hal_gpio.o(i.HAL_GPIO_Init)
    HAL_GPIO_WritePin                        0x08000ef9   Thumb Code    10  stm32f1xx_hal_gpio.o(i.HAL_GPIO_WritePin)
    HAL_GetTick                              0x08000f05   Thumb Code     6  stm32f1xx_hal.o(i.HAL_GetTick)
    HAL_IncTick                              0x08000f11   Thumb Code    12  stm32f1xx_hal.o(i.HAL_IncTick)
    HAL_Init                                 0x08000f21   Thumb Code    32  stm32f1xx_hal.o(i.HAL_Init)
    HAL_InitTick                             0x08000f45   Thumb Code    54  stm32f1xx_hal.o(i.HAL_InitTick)
    HAL_MspInit                              0x08000f85   Thumb Code    52  stm32f1xx_hal_msp.o(i.HAL_MspInit)
    HAL_NVIC_EnableIRQ                       0x08000fc1   Thumb Code    26  stm32f1xx_hal_cortex.o(i.HAL_NVIC_EnableIRQ)
    HAL_NVIC_SetPriority                     0x08000fdd   Thumb Code    60  stm32f1xx_hal_cortex.o(i.HAL_NVIC_SetPriority)
    HAL_NVIC_SetPriorityGrouping             0x0800101d   Thumb Code    26  stm32f1xx_hal_cortex.o(i.HAL_NVIC_SetPriorityGrouping)
    HAL_RCC_ClockConfig                      0x08001041   Thumb Code   280  stm32f1xx_hal_rcc.o(i.HAL_RCC_ClockConfig)
    HAL_RCC_GetPCLK1Freq                     0x0800116d   Thumb Code    20  stm32f1xx_hal_rcc.o(i.HAL_RCC_GetPCLK1Freq)
    HAL_RCC_GetPCLK2Freq                     0x0800118d   Thumb Code    20  stm32f1xx_hal_rcc.o(i.HAL_RCC_GetPCLK2Freq)
    HAL_RCC_GetSysClockFreq                  0x080011ad   Thumb Code    74  stm32f1xx_hal_rcc.o(i.HAL_RCC_GetSysClockFreq)
    HAL_RCC_OscConfig                        0x08001219   Thumb Code   778  stm32f1xx_hal_rcc.o(i.HAL_RCC_OscConfig)
    HAL_SYSTICK_Config                       0x08001539   Thumb Code    40  stm32f1xx_hal_cortex.o(i.HAL_SYSTICK_Config)
    HAL_TIMEx_BreakCallback                  0x08001561   Thumb Code     2  stm32f1xx_hal_tim_ex.o(i.HAL_TIMEx_BreakCallback)
    HAL_TIMEx_CommutCallback                 0x08001563   Thumb Code     2  stm32f1xx_hal_tim_ex.o(i.HAL_TIMEx_CommutCallback)
    HAL_TIMEx_ConfigBreakDeadTime            0x08001565   Thumb Code    84  stm32f1xx_hal_tim_ex.o(i.HAL_TIMEx_ConfigBreakDeadTime)
    HAL_TIMEx_MasterConfigSynchronization    0x080015b9   Thumb Code   104  stm32f1xx_hal_tim_ex.o(i.HAL_TIMEx_MasterConfigSynchronization)
    HAL_TIM_Base_Init                        0x08001635   Thumb Code    90  stm32f1xx_hal_tim.o(i.HAL_TIM_Base_Init)
    HAL_TIM_Base_MspInit                     0x08001691   Thumb Code   158  tim.o(i.HAL_TIM_Base_MspInit)
    HAL_TIM_Base_Start                       0x08001745   Thumb Code    78  stm32f1xx_hal_tim.o(i.HAL_TIM_Base_Start)
    HAL_TIM_Base_Stop                        0x080017a9   Thumb Code    38  stm32f1xx_hal_tim.o(i.HAL_TIM_Base_Stop)
    HAL_TIM_ConfigClockSource                0x080017cf   Thumb Code   214  stm32f1xx_hal_tim.o(i.HAL_TIM_ConfigClockSource)
    HAL_TIM_IC_CaptureCallback               0x080018a5   Thumb Code     2  stm32f1xx_hal_tim.o(i.HAL_TIM_IC_CaptureCallback)
    HAL_TIM_IRQHandler                       0x080018a7   Thumb Code   358  stm32f1xx_hal_tim.o(i.HAL_TIM_IRQHandler)
    HAL_TIM_MspPostInit                      0x08001a0d   Thumb Code   182  tim.o(i.HAL_TIM_MspPostInit)
    HAL_TIM_OC_ConfigChannel                 0x08001ae9   Thumb Code    76  stm32f1xx_hal_tim.o(i.HAL_TIM_OC_ConfigChannel)
    HAL_TIM_OC_DelayElapsedCallback          0x08001b35   Thumb Code   390  motor.o(i.HAL_TIM_OC_DelayElapsedCallback)
    HAL_TIM_OC_Init                          0x08001cdd   Thumb Code    90  stm32f1xx_hal_tim.o(i.HAL_TIM_OC_Init)
    HAL_TIM_OC_MspInit                       0x08001d37   Thumb Code     2  stm32f1xx_hal_tim.o(i.HAL_TIM_OC_MspInit)
    HAL_TIM_OC_Start_IT                      0x08001d39   Thumb Code   200  stm32f1xx_hal_tim.o(i.HAL_TIM_OC_Start_IT)
    HAL_TIM_OC_Stop_IT                       0x08001e15   Thumb Code   166  stm32f1xx_hal_tim.o(i.HAL_TIM_OC_Stop_IT)
    HAL_TIM_PWM_ConfigChannel                0x08001ec5   Thumb Code   198  stm32f1xx_hal_tim.o(i.HAL_TIM_PWM_ConfigChannel)
    HAL_TIM_PWM_Init                         0x08001f8b   Thumb Code    90  stm32f1xx_hal_tim.o(i.HAL_TIM_PWM_Init)
    HAL_TIM_PWM_MspInit                      0x08001fe5   Thumb Code     2  stm32f1xx_hal_tim.o(i.HAL_TIM_PWM_MspInit)
    HAL_TIM_PWM_PulseFinishedCallback        0x08001fe7   Thumb Code     2  stm32f1xx_hal_tim.o(i.HAL_TIM_PWM_PulseFinishedCallback)
    HAL_TIM_PWM_Start                        0x08001fe9   Thumb Code   160  stm32f1xx_hal_tim.o(i.HAL_TIM_PWM_Start)
    HAL_TIM_PeriodElapsedCallback            0x0800209d   Thumb Code     2  stm32f1xx_hal_tim.o(i.HAL_TIM_PeriodElapsedCallback)
    HAL_TIM_TriggerCallback                  0x0800209f   Thumb Code     2  stm32f1xx_hal_tim.o(i.HAL_TIM_TriggerCallback)
    HAL_UART_ErrorCallback                   0x080020a1   Thumb Code     2  stm32f1xx_hal_uart.o(i.HAL_UART_ErrorCallback)
    HAL_UART_IRQHandler                      0x080020a5   Thumb Code   344  stm32f1xx_hal_uart.o(i.HAL_UART_IRQHandler)
    HAL_UART_Init                            0x08002201   Thumb Code    98  stm32f1xx_hal_uart.o(i.HAL_UART_Init)
    HAL_UART_MspInit                         0x08002265   Thumb Code   116  usart.o(i.HAL_UART_MspInit)
    HAL_UART_Receive_IT                      0x080022e5   Thumb Code    82  stm32f1xx_hal_uart.o(i.HAL_UART_Receive_IT)
    HAL_UART_RxCpltCallback                  0x08002339   Thumb Code   118  main.o(i.HAL_UART_RxCpltCallback)
    HAL_UART_Transmit                        0x080023f9   Thumb Code   178  stm32f1xx_hal_uart.o(i.HAL_UART_Transmit)
    HAL_UART_TxCpltCallback                  0x080024ab   Thumb Code     2  stm32f1xx_hal_uart.o(i.HAL_UART_TxCpltCallback)
    HardFault_Handler                        0x080024ad   Thumb Code     2  stm32f1xx_it.o(i.HardFault_Handler)
    MX_GPIO_Init                             0x080024b1   Thumb Code   138  gpio.o(i.MX_GPIO_Init)
    MX_TIM3_Init                             0x08002549   Thumb Code   144  tim.o(i.MX_TIM3_Init)
    MX_TIM4_Init                             0x080025e1   Thumb Code   164  tim.o(i.MX_TIM4_Init)
    MX_TIM5_Init                             0x0800268d   Thumb Code   166  tim.o(i.MX_TIM5_Init)
    MX_TIM8_Init                             0x0800273d   Thumb Code   212  tim.o(i.MX_TIM8_Init)
    MX_USART1_UART_Init                      0x08002819   Thumb Code    48  usart.o(i.MX_USART1_UART_Init)
    MemManage_Handler                        0x08002851   Thumb Code     2  stm32f1xx_it.o(i.MemManage_Handler)
    NMI_Handler                              0x08002853   Thumb Code     2  stm32f1xx_it.o(i.NMI_Handler)
    PendSV_Handler                           0x08002855   Thumb Code     2  stm32f1xx_it.o(i.PendSV_Handler)
    SVC_Handler                              0x08002857   Thumb Code     2  stm32f1xx_it.o(i.SVC_Handler)
    SysTick_Handler                          0x08002859   Thumb Code     4  stm32f1xx_it.o(i.SysTick_Handler)
    SystemClock_Config                       0x0800285d   Thumb Code    78  main.o(i.SystemClock_Config)
    SystemInit                               0x080028ab   Thumb Code     2  system_stm32f1xx.o(i.SystemInit)
    TIM3_IRQHandler                          0x080028ad   Thumb Code     6  stm32f1xx_it.o(i.TIM3_IRQHandler)
    TIM4_IRQHandler                          0x080028b9   Thumb Code     6  stm32f1xx_it.o(i.TIM4_IRQHandler)
    TIM5_IRQHandler                          0x080028c5   Thumb Code     6  stm32f1xx_it.o(i.TIM5_IRQHandler)
    TIM8_CC_IRQHandler                       0x080028d1   Thumb Code     6  stm32f1xx_it.o(i.TIM8_CC_IRQHandler)
    TIM_Base_SetConfig                       0x080028dd   Thumb Code   120  stm32f1xx_hal_tim.o(i.TIM_Base_SetConfig)
    TIM_CCxChannelCmd                        0x08002969   Thumb Code    26  stm32f1xx_hal_tim.o(i.TIM_CCxChannelCmd)
    TIM_ETR_SetConfig                        0x08002983   Thumb Code    20  stm32f1xx_hal_tim.o(i.TIM_ETR_SetConfig)
    TIM_OC2_SetConfig                        0x08002a09   Thumb Code    98  stm32f1xx_hal_tim.o(i.TIM_OC2_SetConfig)
    USART1_IRQHandler                        0x08002d49   Thumb Code     6  stm32f1xx_it.o(i.USART1_IRQHandler)
    UsageFault_Handler                       0x08002d55   Thumb Code     2  stm32f1xx_it.o(i.UsageFault_Handler)
    __0printf$1                              0x08002d59   Thumb Code    22  printf1.o(i.__0printf$1)
    __1printf$1                              0x08002d59   Thumb Code     0  printf1.o(i.__0printf$1)
    __2printf                                0x08002d59   Thumb Code     0  printf1.o(i.__0printf$1)
    __ARM_fpclassify                         0x08002d79   Thumb Code    40  fpclassify.o(i.__ARM_fpclassify)
    __ARM_fpclassifyf                        0x08002da1   Thumb Code    38  fpclassifyf.o(i.__ARM_fpclassifyf)
    __kernel_poly                            0x08002de7   Thumb Code   170  poly.o(i.__kernel_poly)
    __mathlib_dbl_infnan                     0x08002e91   Thumb Code     6  dunder.o(i.__mathlib_dbl_infnan)
    __mathlib_dbl_underflow                  0x08002e99   Thumb Code    10  dunder.o(i.__mathlib_dbl_underflow)
    __mathlib_flt_infnan                     0x08002ea9   Thumb Code     6  funder.o(i.__mathlib_flt_infnan)
    __mathlib_flt_overflow                   0x08002eaf   Thumb Code    10  funder.o(i.__mathlib_flt_overflow)
    __mathlib_flt_underflow                  0x08002eb9   Thumb Code    10  funder.o(i.__mathlib_flt_underflow)
    __scatterload_copy                       0x08002ec3   Thumb Code    14  handlers.o(i.__scatterload_copy)
    __scatterload_null                       0x08002ed1   Thumb Code     2  handlers.o(i.__scatterload_null)
    __scatterload_zeroinit                   0x08002ed3   Thumb Code    14  handlers.o(i.__scatterload_zeroinit)
    __set_errno                              0x08002ee1   Thumb Code     6  errno.o(i.__set_errno)
    actan                                    0x08003041   Thumb Code   118  robot.o(i.actan)
    atan                                     0x080030cd   Thumb Code   474  atan.o(i.atan)
    __mathlib_expf                           0x080032ed   Thumb Code     0  expf.o(i.expf)
    expf                                     0x080032ed   Thumb Code   322  expf.o(i.expf)
    fputc                                    0x0800345d   Thumb Code    24  usart.o(i.fputc)
    main                                     0x08003479   Thumb Code   742  main.o(i.main)
    motor_result                             0x080037d9   Thumb Code   546  robot.o(i.motor_result)
    robot_arm                                0x08003a25   Thumb Code   214  robot.o(i.robot_arm)
    sqrt                                     0x08003b01   Thumb Code    76  sqrt.o(i.sqrt)
    steering_gear                            0x08003b4d   Thumb Code    52  motor.o(i.steering_gear)
    AHBPrescTable                            0x08003b80   Data          16  system_stm32f1xx.o(.constdata)
    APBPrescTable                            0x08003b90   Data           8  system_stm32f1xx.o(.constdata)
    Region$$Table$$Base                      0x08003c60   Number         0  anon$$obj.o(Region$$Table)
    Region$$Table$$Limit                     0x08003c80   Number         0  anon$$obj.o(Region$$Table)
    step_to_run_1                            0x20000004   Data           4  motor.o(.data)
    step_to_run_2                            0x20000008   Data           4  motor.o(.data)
    stop_flag2                               0x2000000c   Data           4  motor.o(.data)
    stop_flag1                               0x20000010   Data           4  motor.o(.data)
    L1                                       0x20000014   Data           4  robot.o(.data)
    L2                                       0x20000018   Data           4  robot.o(.data)
    sigma1                                   0x2000001c   Data           4  robot.o(.data)
    sigma2                                   0x20000020   Data           4  robot.o(.data)
    last_arm                                 0x20000024   Data           4  robot.o(.data)
    all_step_1                               0x20000028   Data           4  robot.o(.data)
    all_step_2                               0x2000002c   Data           4  robot.o(.data)
    last_sigma1                              0x20000030   Data           4  robot.o(.data)
    last_sigma2                              0x20000034   Data           4  robot.o(.data)
    L1_sigma1                                0x20000038   Data           4  robot.o(.data)
    L2_sigma2                                0x2000003c   Data           4  robot.o(.data)
    current_sigma                            0x20000040   Data           4  robot.o(.data)
    x1                                       0x20000044   Data           1  main.o(.data)
    y1                                       0x20000045   Data           1  main.o(.data)
    x2                                       0x20000046   Data           1  main.o(.data)
    y2                                       0x20000047   Data           1  main.o(.data)
    uart_flag                                0x20000048   Data           4  main.o(.data)
    uart_flag1                               0x2000004c   Data           4  main.o(.data)
    uwTickFreq                               0x20000050   Data           1  stm32f1xx_hal.o(.data)
    uwTickPrio                               0x20000054   Data           4  stm32f1xx_hal.o(.data)
    uwTick                                   0x20000058   Data           4  stm32f1xx_hal.o(.data)
    SystemCoreClock                          0x2000005c   Data           4  system_stm32f1xx.o(.data)
    __stdout                                 0x20000060   Data           4  stdout.o(.data)
    fre                                      0x20000088   Data         200  main.o(.bss)
    period                                   0x20000150   Data         100  main.o(.bss)
    fre2                                     0x200001b4   Data         200  main.o(.bss)
    period2                                  0x2000027c   Data         100  main.o(.bss)
    htim3                                    0x200002e0   Data          72  tim.o(.bss)
    htim4                                    0x20000328   Data          72  tim.o(.bss)
    htim5                                    0x20000370   Data          72  tim.o(.bss)
    htim8                                    0x200003b8   Data          72  tim.o(.bss)
    huart1                                   0x20000400   Data          64  usart.o(.bss)
    __initial_sp                             0x20000840   Data           0  startup_stm32f103xe.o(STACK)



==============================================================================

Memory Map of the image

  Image Entry point : 0x08000131

  Load Region LR_IROM1 (Base: 0x08000000, Size: 0x00003ce8, Max: 0x00080000, ABSOLUTE)

    Execution Region ER_IROM1 (Base: 0x08000000, Size: 0x00003c80, Max: 0x00080000, ABSOLUTE)

    Base Addr    Size         Type   Attr      Idx    E Section Name        Object

    0x08000000   0x00000130   Data   RO         2848    RESET               startup_stm32f103xe.o
    0x08000130   0x00000000   Code   RO         2919  * .ARM.Collect$$$$00000000  mc_w.l(entry.o)
    0x08000130   0x00000004   Code   RO         3259    .ARM.Collect$$$$00000001  mc_w.l(entry2.o)
    0x08000134   0x00000004   Code   RO         3262    .ARM.Collect$$$$00000004  mc_w.l(entry5.o)
    0x08000138   0x00000000   Code   RO         3264    .ARM.Collect$$$$00000008  mc_w.l(entry7b.o)
    0x08000138   0x00000000   Code   RO         3266    .ARM.Collect$$$$0000000A  mc_w.l(entry8b.o)
    0x08000138   0x00000008   Code   RO         3267    .ARM.Collect$$$$0000000B  mc_w.l(entry9a.o)
    0x08000140   0x00000000   Code   RO         3269    .ARM.Collect$$$$0000000D  mc_w.l(entry10a.o)
    0x08000140   0x00000000   Code   RO         3271    .ARM.Collect$$$$0000000F  mc_w.l(entry11a.o)
    0x08000140   0x00000004   Code   RO         3260    .ARM.Collect$$$$00002712  mc_w.l(entry2.o)
    0x08000144   0x00000024   Code   RO         2849    .text               startup_stm32f103xe.o
    0x08000168   0x00000020   Code   RO         2922    .text               mc_w.l(llushr.o)
    0x08000188   0x00000024   Code   RO         2924    .text               mc_w.l(memcpya.o)
    0x080001ac   0x00000024   Code   RO         2926    .text               mc_w.l(memseta.o)
    0x080001d0   0x000000b0   Code   RO         3191    .text               mf_w.l(fadd.o)
    0x08000280   0x00000064   Code   RO         3193    .text               mf_w.l(fmul.o)
    0x080002e4   0x0000007c   Code   RO         3195    .text               mf_w.l(fdiv.o)
    0x08000360   0x00000018   Code   RO         3197    .text               mf_w.l(fscalb.o)
    0x08000378   0x0000014e   Code   RO         3199    .text               mf_w.l(dadd.o)
    0x080004c6   0x000000e4   Code   RO         3201    .text               mf_w.l(dmul.o)
    0x080005aa   0x000000de   Code   RO         3203    .text               mf_w.l(ddiv.o)
    0x08000688   0x00000012   Code   RO         3205    .text               mf_w.l(fflti.o)
    0x0800069a   0x0000000a   Code   RO         3207    .text               mf_w.l(ffltui.o)
    0x080006a4   0x00000028   Code   RO         3209    .text               mf_w.l(ffixui.o)
    0x080006cc   0x0000003e   Code   RO         3211    .text               mf_w.l(dfixi.o)
    0x0800070a   0x00000026   Code   RO         3213    .text               mf_w.l(f2d.o)
    0x08000730   0x00000030   Code   RO         3215    .text               mf_w.l(cdcmple.o)
    0x08000760   0x00000030   Code   RO         3217    .text               mf_w.l(cdrcmple.o)
    0x08000790   0x00000038   Code   RO         3219    .text               mf_w.l(d2f.o)
    0x080007c8   0x00000014   Code   RO         3221    .text               mf_w.l(cfcmple.o)
    0x080007dc   0x00000014   Code   RO         3223    .text               mf_w.l(cfrcmple.o)
    0x080007f0   0x0000002c   Code   RO         3274    .text               mc_w.l(uidiv.o)
    0x0800081c   0x0000001e   Code   RO         3278    .text               mc_w.l(llshl.o)
    0x0800083a   0x00000024   Code   RO         3280    .text               mc_w.l(llsshr.o)
    0x0800085e   0x00000000   Code   RO         3289    .text               mc_w.l(iusefp.o)
    0x0800085e   0x0000006e   Code   RO         3290    .text               mf_w.l(fepilogue.o)
    0x080008cc   0x0000003c   Code   RO         3292    .text               mf_w.l(frnd.o)
    0x08000908   0x000000ba   Code   RO         3294    .text               mf_w.l(depilogue.o)
    0x080009c2   0x0000002e   Code   RO         3296    .text               mf_w.l(dscalb.o)
    0x080009f0   0x000000a2   Code   RO         3298    .text               mf_w.l(dsqrt.o)
    0x08000a92   0x00000032   Code   RO         3300    .text               mf_w.l(ffixi.o)
    0x08000ac4   0x00000024   Code   RO         3306    .text               mc_w.l(init.o)
    0x08000ae8   0x00000002   Code   RO          414    i.BusFault_Handler  stm32f1xx_it.o
    0x08000aea   0x00000002   PAD
    0x08000aec   0x000000bc   Code   RO            4    i.CalculateSModelLine  motor.o
    0x08000ba8   0x00000002   Code   RO          415    i.DebugMon_Handler  stm32f1xx_it.o
    0x08000baa   0x00000002   Code   RO          206    i.Error_Handler     main.o
    0x08000bac   0x00000130   Code   RO         1933    i.HAL_DMA_Abort_IT  stm32f1xx_hal_dma.o
    0x08000cdc   0x00000024   Code   RO         1560    i.HAL_Delay         stm32f1xx_hal.o
    0x08000d00   0x000001f8   Code   RO         1868    i.HAL_GPIO_Init     stm32f1xx_hal_gpio.o
    0x08000ef8   0x0000000a   Code   RO         1872    i.HAL_GPIO_WritePin  stm32f1xx_hal_gpio.o
    0x08000f02   0x00000002   PAD
    0x08000f04   0x0000000c   Code   RO         1564    i.HAL_GetTick       stm32f1xx_hal.o
    0x08000f10   0x00000010   Code   RO         1570    i.HAL_IncTick       stm32f1xx_hal.o
    0x08000f20   0x00000024   Code   RO         1571    i.HAL_Init          stm32f1xx_hal.o
    0x08000f44   0x00000040   Code   RO         1572    i.HAL_InitTick      stm32f1xx_hal.o
    0x08000f84   0x0000003c   Code   RO          520    i.HAL_MspInit       stm32f1xx_hal_msp.o
    0x08000fc0   0x0000001a   Code   RO         2028    i.HAL_NVIC_EnableIRQ  stm32f1xx_hal_cortex.o
    0x08000fda   0x00000002   PAD
    0x08000fdc   0x00000040   Code   RO         2034    i.HAL_NVIC_SetPriority  stm32f1xx_hal_cortex.o
    0x0800101c   0x00000024   Code   RO         2035    i.HAL_NVIC_SetPriorityGrouping  stm32f1xx_hal_cortex.o
    0x08001040   0x0000012c   Code   RO         1728    i.HAL_RCC_ClockConfig  stm32f1xx_hal_rcc.o
    0x0800116c   0x00000020   Code   RO         1735    i.HAL_RCC_GetPCLK1Freq  stm32f1xx_hal_rcc.o
    0x0800118c   0x00000020   Code   RO         1736    i.HAL_RCC_GetPCLK2Freq  stm32f1xx_hal_rcc.o
    0x080011ac   0x0000006c   Code   RO         1737    i.HAL_RCC_GetSysClockFreq  stm32f1xx_hal_rcc.o
    0x08001218   0x00000320   Code   RO         1740    i.HAL_RCC_OscConfig  stm32f1xx_hal_rcc.o
    0x08001538   0x00000028   Code   RO         2039    i.HAL_SYSTICK_Config  stm32f1xx_hal_cortex.o
    0x08001560   0x00000002   Code   RO         1286    i.HAL_TIMEx_BreakCallback  stm32f1xx_hal_tim_ex.o
    0x08001562   0x00000002   Code   RO         1287    i.HAL_TIMEx_CommutCallback  stm32f1xx_hal_tim_ex.o
    0x08001564   0x00000054   Code   RO         1289    i.HAL_TIMEx_ConfigBreakDeadTime  stm32f1xx_hal_tim_ex.o
    0x080015b8   0x0000007c   Code   RO         1305    i.HAL_TIMEx_MasterConfigSynchronization  stm32f1xx_hal_tim_ex.o
    0x08001634   0x0000005a   Code   RO          582    i.HAL_TIM_Base_Init  stm32f1xx_hal_tim.o
    0x0800168e   0x00000002   PAD
    0x08001690   0x000000b4   Code   RO          295    i.HAL_TIM_Base_MspInit  tim.o
    0x08001744   0x00000064   Code   RO          585    i.HAL_TIM_Base_Start  stm32f1xx_hal_tim.o
    0x080017a8   0x00000026   Code   RO          588    i.HAL_TIM_Base_Stop  stm32f1xx_hal_tim.o
    0x080017ce   0x000000d6   Code   RO          591    i.HAL_TIM_ConfigClockSource  stm32f1xx_hal_tim.o
    0x080018a4   0x00000002   Code   RO          616    i.HAL_TIM_IC_CaptureCallback  stm32f1xx_hal_tim.o
    0x080018a6   0x00000166   Code   RO          630    i.HAL_TIM_IRQHandler  stm32f1xx_hal_tim.o
    0x08001a0c   0x000000dc   Code   RO          296    i.HAL_TIM_MspPostInit  tim.o
    0x08001ae8   0x0000004c   Code   RO          631    i.HAL_TIM_OC_ConfigChannel  stm32f1xx_hal_tim.o
    0x08001b34   0x000001a8   Code   RO            5    i.HAL_TIM_OC_DelayElapsedCallback  motor.o
    0x08001cdc   0x0000005a   Code   RO          635    i.HAL_TIM_OC_Init   stm32f1xx_hal_tim.o
    0x08001d36   0x00000002   Code   RO          637    i.HAL_TIM_OC_MspInit  stm32f1xx_hal_tim.o
    0x08001d38   0x000000dc   Code   RO          640    i.HAL_TIM_OC_Start_IT  stm32f1xx_hal_tim.o
    0x08001e14   0x000000b0   Code   RO          643    i.HAL_TIM_OC_Stop_IT  stm32f1xx_hal_tim.o
    0x08001ec4   0x000000c6   Code   RO          654    i.HAL_TIM_PWM_ConfigChannel  stm32f1xx_hal_tim.o
    0x08001f8a   0x0000005a   Code   RO          657    i.HAL_TIM_PWM_Init  stm32f1xx_hal_tim.o
    0x08001fe4   0x00000002   Code   RO          659    i.HAL_TIM_PWM_MspInit  stm32f1xx_hal_tim.o
    0x08001fe6   0x00000002   Code   RO          660    i.HAL_TIM_PWM_PulseFinishedCallback  stm32f1xx_hal_tim.o
    0x08001fe8   0x000000b4   Code   RO          662    i.HAL_TIM_PWM_Start  stm32f1xx_hal_tim.o
    0x0800209c   0x00000002   Code   RO          668    i.HAL_TIM_PeriodElapsedCallback  stm32f1xx_hal_tim.o
    0x0800209e   0x00000002   Code   RO          673    i.HAL_TIM_TriggerCallback  stm32f1xx_hal_tim.o
    0x080020a0   0x00000002   Code   RO         2549    i.HAL_UART_ErrorCallback  stm32f1xx_hal_uart.o
    0x080020a2   0x00000002   PAD
    0x080020a4   0x0000015c   Code   RO         2552    i.HAL_UART_IRQHandler  stm32f1xx_hal_uart.o
    0x08002200   0x00000062   Code   RO         2553    i.HAL_UART_Init     stm32f1xx_hal_uart.o
    0x08002262   0x00000002   PAD
    0x08002264   0x00000080   Code   RO          361    i.HAL_UART_MspInit  usart.o
    0x080022e4   0x00000052   Code   RO         2558    i.HAL_UART_Receive_IT  stm32f1xx_hal_uart.o
    0x08002336   0x00000002   PAD
    0x08002338   0x000000c0   Code   RO          207    i.HAL_UART_RxCpltCallback  main.o
    0x080023f8   0x000000b2   Code   RO         2561    i.HAL_UART_Transmit  stm32f1xx_hal_uart.o
    0x080024aa   0x00000002   Code   RO         2564    i.HAL_UART_TxCpltCallback  stm32f1xx_hal_uart.o
    0x080024ac   0x00000002   Code   RO          416    i.HardFault_Handler  stm32f1xx_it.o
    0x080024ae   0x00000002   PAD
    0x080024b0   0x00000098   Code   RO          270    i.MX_GPIO_Init      gpio.o
    0x08002548   0x00000098   Code   RO          297    i.MX_TIM3_Init      tim.o
    0x080025e0   0x000000ac   Code   RO          298    i.MX_TIM4_Init      tim.o
    0x0800268c   0x000000b0   Code   RO          299    i.MX_TIM5_Init      tim.o
    0x0800273c   0x000000dc   Code   RO          300    i.MX_TIM8_Init      tim.o
    0x08002818   0x00000038   Code   RO          362    i.MX_USART1_UART_Init  usart.o
    0x08002850   0x00000002   Code   RO          417    i.MemManage_Handler  stm32f1xx_it.o
    0x08002852   0x00000002   Code   RO          418    i.NMI_Handler       stm32f1xx_it.o
    0x08002854   0x00000002   Code   RO          419    i.PendSV_Handler    stm32f1xx_it.o
    0x08002856   0x00000002   Code   RO          420    i.SVC_Handler       stm32f1xx_it.o
    0x08002858   0x00000004   Code   RO          421    i.SysTick_Handler   stm32f1xx_it.o
    0x0800285c   0x0000004e   Code   RO          208    i.SystemClock_Config  main.o
    0x080028aa   0x00000002   Code   RO         2857    i.SystemInit        system_stm32f1xx.o
    0x080028ac   0x0000000c   Code   RO          422    i.TIM3_IRQHandler   stm32f1xx_it.o
    0x080028b8   0x0000000c   Code   RO          423    i.TIM4_IRQHandler   stm32f1xx_it.o
    0x080028c4   0x0000000c   Code   RO          424    i.TIM5_IRQHandler   stm32f1xx_it.o
    0x080028d0   0x0000000c   Code   RO          425    i.TIM8_CC_IRQHandler  stm32f1xx_it.o
    0x080028dc   0x0000008c   Code   RO          675    i.TIM_Base_SetConfig  stm32f1xx_hal_tim.o
    0x08002968   0x0000001a   Code   RO          676    i.TIM_CCxChannelCmd  stm32f1xx_hal_tim.o
    0x08002982   0x00000014   Code   RO          686    i.TIM_ETR_SetConfig  stm32f1xx_hal_tim.o
    0x08002996   0x00000010   Code   RO          687    i.TIM_ITRx_SetConfig  stm32f1xx_hal_tim.o
    0x080029a6   0x00000002   PAD
    0x080029a8   0x00000060   Code   RO          688    i.TIM_OC1_SetConfig  stm32f1xx_hal_tim.o
    0x08002a08   0x0000006c   Code   RO          689    i.TIM_OC2_SetConfig  stm32f1xx_hal_tim.o
    0x08002a74   0x00000068   Code   RO          690    i.TIM_OC3_SetConfig  stm32f1xx_hal_tim.o
    0x08002adc   0x00000050   Code   RO          691    i.TIM_OC4_SetConfig  stm32f1xx_hal_tim.o
    0x08002b2c   0x00000022   Code   RO          693    i.TIM_TI1_ConfigInputStage  stm32f1xx_hal_tim.o
    0x08002b4e   0x00000024   Code   RO          695    i.TIM_TI2_ConfigInputStage  stm32f1xx_hal_tim.o
    0x08002b72   0x00000010   Code   RO         2566    i.UART_DMAAbortOnError  stm32f1xx_hal_uart.o
    0x08002b82   0x0000001c   Code   RO         2576    i.UART_EndRxTransfer  stm32f1xx_hal_uart.o
    0x08002b9e   0x0000008c   Code   RO         2578    i.UART_Receive_IT   stm32f1xx_hal_uart.o
    0x08002c2a   0x00000002   PAD
    0x08002c2c   0x000000b8   Code   RO         2579    i.UART_SetConfig    stm32f1xx_hal_uart.o
    0x08002ce4   0x00000064   Code   RO         2580    i.UART_WaitOnFlagUntilTimeout  stm32f1xx_hal_uart.o
    0x08002d48   0x0000000c   Code   RO          426    i.USART1_IRQHandler  stm32f1xx_it.o
    0x08002d54   0x00000002   Code   RO          427    i.UsageFault_Handler  stm32f1xx_it.o
    0x08002d56   0x00000002   PAD
    0x08002d58   0x00000020   Code   RO         2975    i.__0printf$1       mc_w.l(printf1.o)
    0x08002d78   0x00000028   Code   RO         3239    i.__ARM_fpclassify  m_ws.l(fpclassify.o)
    0x08002da0   0x00000026   Code   RO         3241    i.__ARM_fpclassifyf  m_ws.l(fpclassifyf.o)
    0x08002dc6   0x00000020   Code   RO         2041    i.__NVIC_SetPriority  stm32f1xx_hal_cortex.o
    0x08002de6   0x000000aa   Code   RO         3257    i.__kernel_poly     m_ws.l(poly.o)
    0x08002e90   0x00000006   Code   RO         3226    i.__mathlib_dbl_infnan  m_ws.l(dunder.o)
    0x08002e96   0x00000002   PAD
    0x08002e98   0x00000010   Code   RO         3231    i.__mathlib_dbl_underflow  m_ws.l(dunder.o)
    0x08002ea8   0x00000006   Code   RO         3244    i.__mathlib_flt_infnan  m_ws.l(funder.o)
    0x08002eae   0x0000000a   Code   RO         3247    i.__mathlib_flt_overflow  m_ws.l(funder.o)
    0x08002eb8   0x0000000a   Code   RO         3249    i.__mathlib_flt_underflow  m_ws.l(funder.o)
    0x08002ec2   0x0000000e   Code   RO         3310    i.__scatterload_copy  mc_w.l(handlers.o)
    0x08002ed0   0x00000002   Code   RO         3311    i.__scatterload_null  mc_w.l(handlers.o)
    0x08002ed2   0x0000000e   Code   RO         3312    i.__scatterload_zeroinit  mc_w.l(handlers.o)
    0x08002ee0   0x0000000c   Code   RO         3284    i.__set_errno       mc_w.l(errno.o)
    0x08002eec   0x00000154   Code   RO         2982    i._printf_core      mc_w.l(printf1.o)
    0x08003040   0x0000008c   Code   RO          150    i.actan             robot.o
    0x080030cc   0x00000220   Code   RO         2892    i.atan              m_ws.l(atan.o)
    0x080032ec   0x00000170   Code   RO         2902    i.expf              m_ws.l(expf.o)
    0x0800345c   0x0000001c   Code   RO          364    i.fputc             usart.o
    0x08003478   0x00000360   Code   RO          209    i.main              main.o
    0x080037d8   0x0000024c   Code   RO          152    i.motor_result      robot.o
    0x08003a24   0x000000dc   Code   RO          153    i.robot_arm         robot.o
    0x08003b00   0x0000004c   Code   RO         2912    i.sqrt              m_ws.l(sqrt.o)
    0x08003b4c   0x00000034   Code   RO            6    i.steering_gear     motor.o
    0x08003b80   0x00000010   Data   RO         2858    .constdata          system_stm32f1xx.o
    0x08003b90   0x00000008   Data   RO         2859    .constdata          system_stm32f1xx.o
    0x08003b98   0x00000098   Data   RO         2893    .constdata          m_ws.l(atan.o)
    0x08003c30   0x00000030   Data   RO         2903    .constdata          m_ws.l(expf.o)
    0x08003c60   0x00000020   Data   RO         3308    Region$$Table       anon$$obj.o


    Execution Region RW_IRAM1 (Base: 0x20000000, Size: 0x00000840, Max: 0x00010000, ABSOLUTE)

    Base Addr    Size         Type   Attr      Idx    E Section Name        Object

    0x20000000   0x00000014   Data   RW           11    .data               motor.o
    0x20000014   0x00000030   Data   RW          154    .data               robot.o
    0x20000044   0x0000000c   Data   RW          211    .data               main.o
    0x20000050   0x0000000c   Data   RW         1578    .data               stm32f1xx_hal.o
    0x2000005c   0x00000004   Data   RW         2860    .data               system_stm32f1xx.o
    0x20000060   0x00000004   Data   RW         3273    .data               mc_w.l(stdout.o)
    0x20000064   0x00000004   Data   RW         3285    .data               mc_w.l(errno.o)
    0x20000068   0x00000020   Zero   RW            7    .bss                motor.o
    0x20000088   0x00000258   Zero   RW          210    .bss                main.o
    0x200002e0   0x00000120   Zero   RW          301    .bss                tim.o
    0x20000400   0x00000040   Zero   RW          365    .bss                usart.o
    0x20000440   0x00000400   Zero   RW         2846    STACK               startup_stm32f103xe.o


==============================================================================

Image component sizes


      Code (inc. data)   RO Data    RW Data    ZI Data      Debug   Object Name

       152         14          0          0          0        907   gpio.o
      1136        196          0         12        600       4483   main.o
       664         56          0         20         32     487395   motor.o
       948         70          0         48          0       2871   robot.o
        36          8        304          0       1024        756   startup_stm32f103xe.o
       164         28          0         12          0       6433   stm32f1xx_hal.o
       198         14          0          0          0      28887   stm32f1xx_hal_cortex.o
       304          8          0          0          0       1147   stm32f1xx_hal_dma.o
       514         42          0          0          0       2876   stm32f1xx_hal_gpio.o
        60          8          0          0          0        850   stm32f1xx_hal_msp.o
      1272        100          0          0          0       5144   stm32f1xx_hal_rcc.o
      2502        128          0          0          0      20038   stm32f1xx_hal_tim.o
       212         20          0          0          0       3117   stm32f1xx_hal_tim_ex.o
      1178         10          0          0          0       8847   stm32f1xx_hal_uart.o
        80         30          0          0          0       5913   stm32f1xx_it.o
         2          0         24          4          0       1091   system_stm32f1xx.o
      1120         94          0          0        288       4779   tim.o
       212         24          0          0         64       2238   usart.o

    ----------------------------------------------------------------------
     10776        850        360         96       2008     587772   Object Totals
         0          0         32          0          0          0   (incl. Generated)
        22          0          0          0          0          0   (incl. Padding)

    ----------------------------------------------------------------------

      Code (inc. data)   RO Data    RW Data    ZI Data      Debug   Library Member Name

       544         70        152          0          0        124   atan.o
        22          6          0          0          0        136   dunder.o
       368         46         48          0          0        156   expf.o
        40          0          0          0          0         68   fpclassify.o
        38          0          0          0          0         68   fpclassifyf.o
        26          0          0          0          0        204   funder.o
       170          0          0          0          0         96   poly.o
        76          0          0          0          0         84   sqrt.o
         0          0          0          0          0          0   entry.o
         0          0          0          0          0          0   entry10a.o
         0          0          0          0          0          0   entry11a.o
         8          4          0          0          0          0   entry2.o
         4          0          0          0          0          0   entry5.o
         0          0          0          0          0          0   entry7b.o
         0          0          0          0          0          0   entry8b.o
         8          4          0          0          0          0   entry9a.o
        12          6          0          4          0         68   errno.o
        30          0          0          0          0          0   handlers.o
        36          8          0          0          0         68   init.o
         0          0          0          0          0          0   iusefp.o
        30          0          0          0          0         68   llshl.o
        36          0          0          0          0         68   llsshr.o
        32          0          0          0          0         68   llushr.o
        36          0          0          0          0         68   memcpya.o
        36          0          0          0          0        108   memseta.o
       372         14          0          0          0        184   printf1.o
         0          0          0          4          0          0   stdout.o
        44          0          0          0          0         80   uidiv.o
        48          0          0          0          0         68   cdcmple.o
        48          0          0          0          0         68   cdrcmple.o
        20          0          0          0          0         68   cfcmple.o
        20          0          0          0          0         68   cfrcmple.o
        56          0          0          0          0         88   d2f.o
       334          0          0          0          0        148   dadd.o
       222          0          0          0          0        100   ddiv.o
       186          0          0          0          0        176   depilogue.o
        62          0          0          0          0         80   dfixi.o
       228          0          0          0          0         96   dmul.o
        46          0          0          0          0         80   dscalb.o
       162          0          0          0          0        100   dsqrt.o
        38          0          0          0          0         68   f2d.o
       176          0          0          0          0        140   fadd.o
       124          0          0          0          0         88   fdiv.o
       110          0          0          0          0        168   fepilogue.o
        50          0          0          0          0         68   ffixi.o
        40          0          0          0          0         68   ffixui.o
        18          0          0          0          0         68   fflti.o
        10          0          0          0          0         68   ffltui.o
       100          0          0          0          0         76   fmul.o
        60          0          0          0          0         76   frnd.o
        24          0          0          0          0         68   fscalb.o

    ----------------------------------------------------------------------
      4152        158        200          8          0       3812   Library Totals
         2          0          0          0          0          0   (incl. Padding)

    ----------------------------------------------------------------------

      Code (inc. data)   RO Data    RW Data    ZI Data      Debug   Library Name

      1284        122        200          0          0        936   m_ws.l
       684         36          0          8          0        780   mc_w.l
      2182          0          0          0          0       2096   mf_w.l

    ----------------------------------------------------------------------
      4152        158        200          8          0       3812   Library Totals

    ----------------------------------------------------------------------

==============================================================================


      Code (inc. data)   RO Data    RW Data    ZI Data      Debug   

     14928       1008        560        104       2008     584664   Grand Totals
     14928       1008        560        104       2008     584664   ELF Image Totals
     14928       1008        560        104          0          0   ROM Totals

==============================================================================

    Total RO  Size (Code + RO Data)                15488 (  15.13kB)
    Total RW  Size (RW Data + ZI Data)              2112 (   2.06kB)
    Total ROM Size (Code + RO Data + RW Data)      15592 (  15.23kB)

==============================================================================

