<html>
<body>
<pre>
<h1>礦ision Build Log</h1>
<h2>Tool Versions:</h2>
IDE-Version: μVision V5.18.0.0
Copyright (C) 2016 ARM Ltd and ARM Germany GmbH. All rights reserved.
License Information: XIA yun, chuyi, LIC=WHYH9-4763K-Z92G9-4UB8M-BIKFB-T45ES
 
Tool Versions:
Toolchain:       MDK-ARM Standard  Version: 5.18
Toolchain Path:  D:\keil\ARM\ARMCC\Bin
C Compiler:      Armcc.exe V5.06 update 1 (build 61)
Assembler:       Armasm.exe V5.06 update 1 (build 61)
Linker/Locator:  ArmLink.exe V5.06 update 1 (build 61)
Library Manager: ArmAr.exe V5.06 update 1 (build 61)
Hex Converter:   FromElf.exe V5.06 update 1 (build 61)
CPU DLL:         SARMCM3.DLL V5.18
Dialog DLL:      DCM.DLL V1.13.6.0
Target DLL:      STLink\ST-LINKIII-KEIL_SWO.dll V2.0.18.0
Dialog DLL:      TCM.DLL V1.14.8.0
 
<h2>Project:</h2>
D:\桌面\SCARA\控制\STM32ZE\实验\SCARA\MDK-ARM\arm0.uvprojx
Project File Date:  01/03/2021

<h2>Output:</h2>
*** Using Compiler 'V5.06 update 1 (build 61)', folder: 'D:\keil\ARM\ARMCC\Bin'
Build target 'arm0'
compiling main.c...
../Core/Inc/motor.h(33): warning:  #1-D: last line of file ends without a newline
  void CalculateSModelLine(float fre_[], unsigned short period_[], float len, float fre_max, float fre_min, float flexible);
../Core/Src/main.c(77): warning:  #1295-D: Deprecated declaration motor_reset - give arg types
  	void motor_reset();//复位????
../Core/Src/main.c: 2 warnings, 0 errors
linking...
Program Size: Code=14928 RO-data=560 RW-data=104 ZI-data=2008  
FromELF: creating hex file...
"arm0\arm0.axf" - 0 Error(s), 2 Warning(s).

<h2>Software Packages used:</h2>

Package Vendor: ARM
                http://www.keil.com/pack/ARM.CMSIS.4.5.0.pack
                ARM::CMSIS:CORE:4.3.0
                CMSIS (Cortex Microcontroller Software Interface Standard)
   * Component: CORE Version: 4.3.0

<h2>Collection of Component include folders:</h2>
  D:\桌面\SCARA\控制\STM32ZE\实验\SCARA\MDK-ARM\RTE
  D:\keil\ARM\CMSIS\4.5.0\CMSIS\Include
  D:\keil\Keil\STM32F1xx_DFP\2.0.0\Device\Include

<h2>Collection of Component Files used:</h2>

   * Component: ARM::CMSIS:CORE:4.3.0
Build Time Elapsed:  00:00:03
</pre>
</body>
</html>
